Archive member included to satisfy reference by file (symbol)

c:/program files (x86)/atollic/truestudio for stm32 9.3.0/armtools/bin/../lib/gcc/arm-atollic-eabi/6.3.1/../../../../arm-atollic-eabi/lib/armv6-m\libc_nano.a(lib_a-init.o)
                              startup\startup_stm32f042x6.o (__libc_init_array)
c:/program files (x86)/atollic/truestudio for stm32 9.3.0/armtools/bin/../lib/gcc/arm-atollic-eabi/6.3.1/../../../../arm-atollic-eabi/lib/armv6-m\libc_nano.a(lib_a-memcpy-stub.o)
                              Drivers\STM32F0xx_HAL_Driver\Src\stm32f0xx_hal_rcc.o (memcpy)
c:/program files (x86)/atollic/truestudio for stm32 9.3.0/armtools/bin/../lib/gcc/arm-atollic-eabi/6.3.1/../../../../arm-atollic-eabi/lib/armv6-m\libc_nano.a(lib_a-memset.o)
                              Core\Src\main.o (memset)
c:/program files (x86)/atollic/truestudio for stm32 9.3.0/armtools/bin/../lib/gcc/arm-atollic-eabi/6.3.1/armv6-m\libgcc.a(_thumb1_case_uqi.o)
                              Drivers\STM32F0xx_HAL_Driver\Src\stm32f0xx_hal_dma.o (__gnu_thumb1_case_uqi)
c:/program files (x86)/atollic/truestudio for stm32 9.3.0/armtools/bin/../lib/gcc/arm-atollic-eabi/6.3.1/armv6-m\libgcc.a(_udivsi3.o)
                              Core\Src\system_stm32f0xx.o (__aeabi_uidiv)
c:/program files (x86)/atollic/truestudio for stm32 9.3.0/armtools/bin/../lib/gcc/arm-atollic-eabi/6.3.1/armv6-m\libgcc.a(_dvmd_tls.o)
                              c:/program files (x86)/atollic/truestudio for stm32 9.3.0/armtools/bin/../lib/gcc/arm-atollic-eabi/6.3.1/armv6-m\libgcc.a(_udivsi3.o) (__aeabi_idiv0)
c:/program files (x86)/atollic/truestudio for stm32 9.3.0/armtools/bin/../lib/gcc/arm-atollic-eabi/6.3.1/armv6-m\libgcc.a(_lshrdi3.o)
                              Drivers\STM32F0xx_HAL_Driver\Src\stm32f0xx_hal_flash.o (__aeabi_llsr)
c:/program files (x86)/atollic/truestudio for stm32 9.3.0/armtools/bin/../lib/gcc/arm-atollic-eabi/6.3.1/armv6-m\libgcc.a(adddf3.o)
                              Core\Src\main.o (__aeabi_dadd)
c:/program files (x86)/atollic/truestudio for stm32 9.3.0/armtools/bin/../lib/gcc/arm-atollic-eabi/6.3.1/armv6-m\libgcc.a(muldf3.o)
                              Core\Src\main.o (__aeabi_dmul)
c:/program files (x86)/atollic/truestudio for stm32 9.3.0/armtools/bin/../lib/gcc/arm-atollic-eabi/6.3.1/armv6-m\libgcc.a(fixdfsi.o)
                              Core\Src\main.o (__aeabi_d2iz)
c:/program files (x86)/atollic/truestudio for stm32 9.3.0/armtools/bin/../lib/gcc/arm-atollic-eabi/6.3.1/armv6-m\libgcc.a(floatsidf.o)
                              Core\Src\main.o (__aeabi_i2d)
c:/program files (x86)/atollic/truestudio for stm32 9.3.0/armtools/bin/../lib/gcc/arm-atollic-eabi/6.3.1/armv6-m\libgcc.a(extendsfdf2.o)
                              Core\Src\main.o (__aeabi_f2d)
c:/program files (x86)/atollic/truestudio for stm32 9.3.0/armtools/bin/../lib/gcc/arm-atollic-eabi/6.3.1/armv6-m\libgcc.a(truncdfsf2.o)
                              Core\Src\main.o (__aeabi_d2f)
c:/program files (x86)/atollic/truestudio for stm32 9.3.0/armtools/bin/../lib/gcc/arm-atollic-eabi/6.3.1/armv6-m\libgcc.a(_clzsi2.o)
                              c:/program files (x86)/atollic/truestudio for stm32 9.3.0/armtools/bin/../lib/gcc/arm-atollic-eabi/6.3.1/armv6-m\libgcc.a(adddf3.o) (__clzsi2)

Allocating common symbols
Common symbol       size              file

hcan                0x44              Core\Src\main.o
uwTick              0x4               Drivers\STM32F0xx_HAL_Driver\Src\stm32f0xx_hal.o
pFlash              0x20              Drivers\STM32F0xx_HAL_Driver\Src\stm32f0xx_hal_flash.o
ccmr_val            0x4               Core\Src\main.o
htim3               0x40              Core\Src\main.o
hadc                0x4c              Core\Src\main.o

Discarded input sections

 .text          0x00000000        0x0 c:/program files (x86)/atollic/truestudio for stm32 9.3.0/armtools/bin/../lib/gcc/arm-atollic-eabi/6.3.1/armv6-m/crti.o
 .data          0x00000000        0x0 c:/program files (x86)/atollic/truestudio for stm32 9.3.0/armtools/bin/../lib/gcc/arm-atollic-eabi/6.3.1/armv6-m/crti.o
 .bss           0x00000000        0x0 c:/program files (x86)/atollic/truestudio for stm32 9.3.0/armtools/bin/../lib/gcc/arm-atollic-eabi/6.3.1/armv6-m/crti.o
 .data          0x00000000        0x4 c:/program files (x86)/atollic/truestudio for stm32 9.3.0/armtools/bin/../lib/gcc/arm-atollic-eabi/6.3.1/armv6-m/crtbegin.o
 .text          0x00000000        0x0 Core\Src\main.o
 .data          0x00000000        0x0 Core\Src\main.o
 .bss           0x00000000        0x0 Core\Src\main.o
 .text.CAN_Spoof
                0x00000000       0x18 Core\Src\main.o
 .bss.check_state
                0x00000000        0x4 Core\Src\main.o
 .bss.sConfig   0x00000000        0xc Core\Src\main.o
 .bss.sConfigOC
                0x00000000       0x1c Core\Src\main.o
 .data.MAX_VOLT
                0x00000000        0x4 Core\Src\main.o
 .data.WANTED_VOLT
                0x00000000        0x4 Core\Src\main.o
[...]
Memory Configuration

Name             Origin             Length             Attributes
RAM              0x20000000         0x00001800         xrw
FLASH            0x08000000         0x00008000         xr
*default*        0x00000000         0xffffffff

Linker script and memory map

LOAD c:/program files (x86)/atollic/truestudio for stm32 9.3.0/armtools/bin/../lib/gcc/arm-atollic-eabi/6.3.1/armv6-m/crti.o
LOAD c:/program files (x86)/atollic/truestudio for stm32 9.3.0/armtools/bin/../lib/gcc/arm-atollic-eabi/6.3.1/armv6-m/crtbegin.o
LOAD Core\Src\main.o
LOAD Core\Src\stm32f0xx_hal_msp.o
LOAD Core\Src\stm32f0xx_it.o
LOAD Core\Src\system_stm32f0xx.o
LOAD Drivers\STM32F0xx_HAL_Driver\Src\stm32f0xx_hal.o
LOAD Drivers\STM32F0xx_HAL_Driver\Src\stm32f0xx_hal_adc.o
LOAD Drivers\STM32F0xx_HAL_Driver\Src\stm32f0xx_hal_adc_ex.o
LOAD Drivers\STM32F0xx_HAL_Driver\Src\stm32f0xx_hal_can.o
LOAD Drivers\STM32F0xx_HAL_Driver\Src\stm32f0xx_hal_cortex.o
LOAD Drivers\STM32F0xx_HAL_Driver\Src\stm32f0xx_hal_dma.o
LOAD Drivers\STM32F0xx_HAL_Driver\Src\stm32f0xx_hal_flash.o
LOAD Drivers\STM32F0xx_HAL_Driver\Src\stm32f0xx_hal_flash_ex.o
LOAD Drivers\STM32F0xx_HAL_Driver\Src\stm32f0xx_hal_gpio.o
LOAD Drivers\STM32F0xx_HAL_Driver\Src\stm32f0xx_hal_i2c.o
LOAD Drivers\STM32F0xx_HAL_Driver\Src\stm32f0xx_hal_i2c_ex.o
LOAD Drivers\STM32F0xx_HAL_Driver\Src\stm32f0xx_hal_pwr.o
LOAD Drivers\STM32F0xx_HAL_Driver\Src\stm32f0xx_hal_pwr_ex.o
LOAD Drivers\STM32F0xx_HAL_Driver\Src\stm32f0xx_hal_rcc.o
LOAD Drivers\STM32F0xx_HAL_Driver\Src\stm32f0xx_hal_rcc_ex.o
LOAD Drivers\STM32F0xx_HAL_Driver\Src\stm32f0xx_hal_tim.o
LOAD Drivers\STM32F0xx_HAL_Driver\Src\stm32f0xx_hal_tim_ex.o
LOAD startup\startup_stm32f042x6.o
                0x00000080                malloc_getpagesize_P = 0x80
START GROUP
LOAD c:/program files (x86)/atollic/truestudio for stm32 9.3.0/armtools/bin/../lib/gcc/arm-atollic-eabi/6.3.1/../../../../arm-atollic-eabi/lib/armv6-m\libc_nano.a
LOAD c:/program files (x86)/atollic/truestudio for stm32 9.3.0/armtools/bin/../lib/gcc/arm-atollic-eabi/6.3.1/../../../../arm-atollic-eabi/lib/armv6-m\libm.a
END GROUP
START GROUP
LOAD c:/program files (x86)/atollic/truestudio for stm32 9.3.0/armtools/bin/../lib/gcc/arm-atollic-eabi/6.3.1/armv6-m\libgcc.a
LOAD c:/program files (x86)/atollic/truestudio for stm32 9.3.0/armtools/bin/../lib/gcc/arm-atollic-eabi/6.3.1/../../../../arm-atollic-eabi/lib/armv6-m\libc_nano.a
END GROUP
START GROUP
LOAD c:/program files (x86)/atollic/truestudio for stm32 9.3.0/armtools/bin/../lib/gcc/arm-atollic-eabi/6.3.1/armv6-m\libgcc.a
LOAD c:/program files (x86)/atollic/truestudio for stm32 9.3.0/armtools/bin/../lib/gcc/arm-atollic-eabi/6.3.1/../../../../arm-atollic-eabi/lib/armv6-m\libc_nano.a
LOAD c:/program files (x86)/atollic/truestudio for stm32 9.3.0/armtools/bin/../lib/gcc/arm-atollic-eabi/6.3.1/../../../../arm-atollic-eabi/lib/armv6-m\libnosys.a
END GROUP
START GROUP
LOAD c:/program files (x86)/atollic/truestudio for stm32 9.3.0/armtools/bin/../lib/gcc/arm-atollic-eabi/6.3.1/armv6-m\libgcc.a
LOAD c:/program files (x86)/atollic/truestudio for stm32 9.3.0/armtools/bin/../lib/gcc/arm-atollic-eabi/6.3.1/../../../../arm-atollic-eabi/lib/armv6-m\libc_nano.a
LOAD c:/program files (x86)/atollic/truestudio for stm32 9.3.0/armtools/bin/../lib/gcc/arm-atollic-eabi/6.3.1/../../../../arm-atollic-eabi/lib/armv6-m\libnosys.a
END GROUP
LOAD c:/program files (x86)/atollic/truestudio for stm32 9.3.0/armtools/bin/../lib/gcc/arm-atollic-eabi/6.3.1/armv6-m/crtend.o
LOAD c:/program files (x86)/atollic/truestudio for stm32 9.3.0/armtools/bin/../lib/gcc/arm-atollic-eabi/6.3.1/armv6-m/crtn.o
                0x20001800                _estack = 0x20001800
                0x00000200                _Min_Heap_Size = 0x200
                0x00000400                _Min_Stack_Size = 0x400

.isr_vector     0x08000000       0xc0
                0x08000000                . = ALIGN (0x4)
 *(.isr_vector)
 .isr_vector    0x08000000       0xc0 startup\startup_stm32f042x6.o
                0x08000000                g_pfnVectors
                0x080000c0                . = ALIGN (0x4)

.text           0x080000c0     0x2f28
                0x080000c0                . = ALIGN (0x4)
 *(.text)
 .text          0x080000c0       0x48 c:/program files (x86)/atollic/truestudio for stm32 9.3.0/armtools/bin/../lib/gcc/arm-atollic-eabi/6.3.1/armv6-m/crtbegin.o
 .text          0x08000108       0x14 c:/program files (x86)/atollic/truestudio for stm32 9.3.0/armtools/bin/../lib/gcc/arm-atollic-eabi/6.3.1/armv6-m\libgcc.a(_thumb1_case_uqi.o)
                0x08000108                __gnu_thumb1_case_uqi
 .text          0x0800011c      0x114 c:/program files (x86)/atollic/truestudio for stm32 9.3.0/armtools/bin/../lib/gcc/arm-atollic-eabi/6.3.1/armv6-m\libgcc.a(_udivsi3.o)
                0x0800011c                __aeabi_uidiv
                0x0800011c                __udivsi3
                0x08000228                __aeabi_uidivmod
 .text          0x08000230        0x4 c:/program files (x86)/atollic/truestudio for stm32 9.3.0/armtools/bin/../lib/gcc/arm-atollic-eabi/6.3.1/armv6-m\libgcc.a(_dvmd_tls.o)
                0x08000230                __aeabi_idiv0
                0x08000230                __aeabi_ldiv0
 .text          0x08000234      0x620 c:/program files (x86)/atollic/truestudio for stm32 9.3.0/armtools/bin/../lib/gcc/arm-atollic-eabi/6.3.1/armv6-m\libgcc.a(adddf3.o)
                0x08000234                __aeabi_dadd
 .text          0x08000854      0x500 c:/program files (x86)/atollic/truestudio for stm32 9.3.0/armtools/bin/../lib/gcc/arm-atollic-eabi/6.3.1/armv6-m\libgcc.a(muldf3.o)
                0x08000854                __aeabi_dmul
 .text          0x08000d54       0x68 c:/program files (x86)/atollic/truestudio for stm32 9.3.0/armtools/bin/../lib/gcc/arm-atollic-eabi/6.3.1/armv6-m\libgcc.a(fixdfsi.o)
                0x08000d54                __aeabi_d2iz
 .text          0x08000dbc       0x84 c:/program files (x86)/atollic/truestudio for stm32 9.3.0/armtools/bin/../lib/gcc/arm-atollic-eabi/6.3.1/armv6-m\libgcc.a(floatsidf.o)
                0x08000dbc                __aeabi_i2d
 .text          0x08000e40       0xa4 c:/program files (x86)/atollic/truestudio for stm32 9.3.0/armtools/bin/../lib/gcc/arm-atollic-eabi/6.3.1/armv6-m\libgcc.a(extendsfdf2.o)
                0x08000e40                __aeabi_f2d
 .text          0x08000ee4      0x114 c:/program files (x86)/atollic/truestudio for stm32 9.3.0/armtools/bin/../lib/gcc/arm-atollic-eabi/6.3.1/armv6-m\libgcc.a(truncdfsf2.o)
                0x08000ee4                __aeabi_d2f
 .text          0x08000ff8       0x3c c:/program files (x86)/atollic/truestudio for stm32 9.3.0/armtools/bin/../lib/gcc/arm-atollic-eabi/6.3.1/armv6-m\libgcc.a(_clzsi2.o)
                0x08000ff8                __clzsi2
 *(.text*)
 .text.nano_wait
                0x08001034        0xa Core\Src\main.o
 *fill*         0x0800103e        0x2 
 .text.byte_to_pwm
                0x08001040       0x3c Core\Src\main.o
                0x08001040                byte_to_pwm
 .text.HAL_ADC_ConvCpltCallback
                0x0800107c       0x34 Core\Src\main.o
                0x0800107c                HAL_ADC_ConvCpltCallback
 .text.Error_Handler
                0x080010b0       0x4c Core\Src\main.o
                0x080010b0                Error_Handler
 .text.SystemClock_Config
                0x080010fc       0x4e Core\Src\main.o
                0x080010fc                SystemClock_Config
 *fill*         0x0800114a        0x2 
 .text.startup.main
                0x0800114c      0x2a4 Core\Src\main.o
                0x0800114c                main
 .text.HAL_CAN_RxCpltCallback
                0x080013f0       0x58 Core\Src\main.o
                0x080013f0                HAL_CAN_RxCpltCallback
 .text.HAL_MspInit
                0x08001448       0x30 Core\Src\stm32f0xx_hal_msp.o
                0x08001448                HAL_MspInit
 .text.HAL_ADC_MspInit
                0x08001478       0x6c Core\Src\stm32f0xx_hal_msp.o
                0x08001478                HAL_ADC_MspInit
 .text.HAL_CAN_MspInit
                0x080014e4       0x78 Core\Src\stm32f0xx_hal_msp.o
                0x080014e4                HAL_CAN_MspInit
 .text.HAL_TIM_PWM_MspInit
                0x0800155c       0x28 Core\Src\stm32f0xx_hal_msp.o
                0x0800155c                HAL_TIM_PWM_MspInit
 .text.HAL_TIM_MspPostInit
                0x08001584       0x7c Core\Src\stm32f0xx_hal_msp.o
                0x08001584                HAL_TIM_MspPostInit
 .text.NMI_Handler
                0x08001600        0x2 Core\Src\stm32f0xx_it.o
                0x08001600                NMI_Handler
 .text.HardFault_Handler
                0x08001602        0x2 Core\Src\stm32f0xx_it.o
                0x08001602                HardFault_Handler
 .text.SVC_Handler
                0x08001604        0x2 Core\Src\stm32f0xx_it.o
                0x08001604                SVC_Handler
 .text.PendSV_Handler
                0x08001606        0x2 Core\Src\stm32f0xx_it.o
                0x08001606                PendSV_Handler
 .text.SysTick_Handler
                0x08001608        0x8 Core\Src\stm32f0xx_it.o
                0x08001608                SysTick_Handler
 .text.ADC1_IRQHandler
                0x08001610       0x10 Core\Src\stm32f0xx_it.o
                0x08001610                ADC1_IRQHandler
 .text.CEC_CAN_IRQHandler
                0x08001620       0x10 Core\Src\stm32f0xx_it.o
                0x08001620                CEC_CAN_IRQHandler
 .text.SystemInit
                0x08001630       0x60 Core\Src\system_stm32f0xx.o
                0x08001630                SystemInit
 .text.HAL_InitTick
                0x08001690       0x24 Drivers\STM32F0xx_HAL_Driver\Src\stm32f0xx_hal.o
                0x08001690                HAL_InitTick
 .text.HAL_Init
                0x080016b4       0x20 Drivers\STM32F0xx_HAL_Driver\Src\stm32f0xx_hal.o
                0x080016b4                HAL_Init
 .text.HAL_IncTick
                0x080016d4       0x10 Drivers\STM32F0xx_HAL_Driver\Src\stm32f0xx_hal.o
                0x080016d4                HAL_IncTick
 .text.HAL_GetTick
                0x080016e4        0xc Drivers\STM32F0xx_HAL_Driver\Src\stm32f0xx_hal.o
                0x080016e4                HAL_GetTick
 .text.ADC_Disable
                0x080016f0       0x72 Drivers\STM32F0xx_HAL_Driver\Src\stm32f0xx_hal_adc.o
 *fill*         0x08001762        0x2 
 .text.ADC_Enable
                0x08001764       0x98 Drivers\STM32F0xx_HAL_Driver\Src\stm32f0xx_hal_adc.o
 .text.ADC_ConversionStop
                0x080017fc       0x52 Drivers\STM32F0xx_HAL_Driver\Src\stm32f0xx_hal_adc.o
 *fill*         0x0800184e        0x2 
 .text.HAL_ADC_Init
                0x08001850      0x14c Drivers\STM32F0xx_HAL_Driver\Src\stm32f0xx_hal_adc.o
                0x08001850                HAL_ADC_Init
 .text.HAL_ADC_Start_IT
                0x0800199c       0x74 Drivers\STM32F0xx_HAL_Driver\Src\stm32f0xx_hal_adc.o
                0x0800199c                HAL_ADC_Start_IT
 .text.HAL_ADC_Stop_IT
                0x08001a10       0x48 Drivers\STM32F0xx_HAL_Driver\Src\stm32f0xx_hal_adc.o
                0x08001a10                HAL_ADC_Stop_IT
 .text.HAL_ADC_GetValue
                0x08001a58        0x6 Drivers\STM32F0xx_HAL_Driver\Src\stm32f0xx_hal_adc.o
                0x08001a58                HAL_ADC_GetValue
 .text.HAL_ADC_LevelOutOfWindowCallback
                0x08001a5e        0x2 Drivers\STM32F0xx_HAL_Driver\Src\stm32f0xx_hal_adc.o
                0x08001a5e                HAL_ADC_LevelOutOfWindowCallback
 .text.HAL_ADC_ErrorCallback
                0x08001a60        0x2 Drivers\STM32F0xx_HAL_Driver\Src\stm32f0xx_hal_adc.o
                0x08001a60                HAL_ADC_ErrorCallback
 *fill*         0x08001a62        0x2 
 .text.HAL_ADC_IRQHandler
                0x08001a64       0xe0 Drivers\STM32F0xx_HAL_Driver\Src\stm32f0xx_hal_adc.o
                0x08001a64                HAL_ADC_IRQHandler
 .text.HAL_ADC_ConfigChannel
                0x08001b44      0x100 Drivers\STM32F0xx_HAL_Driver\Src\stm32f0xx_hal_adc.o
                0x08001b44                HAL_ADC_ConfigChannel
 .text.HAL_CAN_ConfigFilter
                0x08001c44       0xe0 Drivers\STM32F0xx_HAL_Driver\Src\stm32f0xx_hal_can.o
                0x08001c44                HAL_CAN_ConfigFilter
 .text.HAL_CAN_Init
                0x08001d24      0x13c Drivers\STM32F0xx_HAL_Driver\Src\stm32f0xx_hal_can.o
                0x08001d24                HAL_CAN_Init
 .text.HAL_CAN_Receive_IT
                0x08001e60       0xbc Drivers\STM32F0xx_HAL_Driver\Src\stm32f0xx_hal_can.o
                0x08001e60                HAL_CAN_Receive_IT
 .text.HAL_CAN_TxCpltCallback
                0x08001f1c        0x2 Drivers\STM32F0xx_HAL_Driver\Src\stm32f0xx_hal_can.o
                0x08001f1c                HAL_CAN_TxCpltCallback
 *fill*         0x08001f1e        0x2 
 .text.CAN_Receive_IT
                0x08001f20      0x10c Drivers\STM32F0xx_HAL_Driver\Src\stm32f0xx_hal_can.o
 .text.HAL_CAN_ErrorCallback
                0x0800202c        0x2 Drivers\STM32F0xx_HAL_Driver\Src\stm32f0xx_hal_can.o
                0x0800202c                HAL_CAN_ErrorCallback
 *fill*         0x0800202e        0x2 
 .text.HAL_CAN_IRQHandler
                0x08002030      0x1e4 Drivers\STM32F0xx_HAL_Driver\Src\stm32f0xx_hal_can.o
                0x08002030                HAL_CAN_IRQHandler
 .text.HAL_CAN_GetError
                0x08002214        0x4 Drivers\STM32F0xx_HAL_Driver\Src\stm32f0xx_hal_can.o
                0x08002214                HAL_CAN_GetError
 .text.HAL_NVIC_SetPriority
                0x08002218       0x60 Drivers\STM32F0xx_HAL_Driver\Src\stm32f0xx_hal_cortex.o
                0x08002218                HAL_NVIC_SetPriority
 .text.HAL_NVIC_EnableIRQ
                0x08002278       0x14 Drivers\STM32F0xx_HAL_Driver\Src\stm32f0xx_hal_cortex.o
                0x08002278                HAL_NVIC_EnableIRQ
 .text.HAL_SYSTICK_Config
                0x0800228c       0x34 Drivers\STM32F0xx_HAL_Driver\Src\stm32f0xx_hal_cortex.o
                0x0800228c                HAL_SYSTICK_Config
 .text.HAL_GPIO_Init
                0x080022c0      0x154 Drivers\STM32F0xx_HAL_Driver\Src\stm32f0xx_hal_gpio.o
                0x080022c0                HAL_GPIO_Init
 .text.HAL_GPIO_WritePin
                0x08002414        0xc Drivers\STM32F0xx_HAL_Driver\Src\stm32f0xx_hal_gpio.o
                0x08002414                HAL_GPIO_WritePin
 .text.HAL_GPIO_TogglePin
                0x08002420        0x8 Drivers\STM32F0xx_HAL_Driver\Src\stm32f0xx_hal_gpio.o
                0x08002420                HAL_GPIO_TogglePin
 .text.HAL_RCC_OscConfig
                0x08002428      0x464 Drivers\STM32F0xx_HAL_Driver\Src\stm32f0xx_hal_rcc.o
                0x08002428                HAL_RCC_OscConfig
 .text.HAL_RCC_GetSysClockFreq
                0x0800288c       0x78 Drivers\STM32F0xx_HAL_Driver\Src\stm32f0xx_hal_rcc.o
                0x0800288c                HAL_RCC_GetSysClockFreq
 .text.HAL_RCC_ClockConfig
                0x08002904      0x15c Drivers\STM32F0xx_HAL_Driver\Src\stm32f0xx_hal_rcc.o
                0x08002904                HAL_RCC_ClockConfig
 .text.HAL_RCC_GetHCLKFreq
                0x08002a60        0xc Drivers\STM32F0xx_HAL_Driver\Src\stm32f0xx_hal_rcc.o
                0x08002a60                HAL_RCC_GetHCLKFreq
 .text.TIM_OC1_SetConfig
                0x08002a6c       0x78 Drivers\STM32F0xx_HAL_Driver\Src\stm32f0xx_hal_tim.o
 .text.TIM_OC3_SetConfig
                0x08002ae4       0x80 Drivers\STM32F0xx_HAL_Driver\Src\stm32f0xx_hal_tim.o
 .text.TIM_OC4_SetConfig
                0x08002b64       0x68 Drivers\STM32F0xx_HAL_Driver\Src\stm32f0xx_hal_tim.o
 .text.TIM_Base_SetConfig
                0x08002bcc       0x90 Drivers\STM32F0xx_HAL_Driver\Src\stm32f0xx_hal_tim.o
                0x08002bcc                TIM_Base_SetConfig
 .text.HAL_TIM_PWM_Init
                0x08002c5c       0x36 Drivers\STM32F0xx_HAL_Driver\Src\stm32f0xx_hal_tim.o
                0x08002c5c                HAL_TIM_PWM_Init
 *fill*         0x08002c92        0x2 
 .text.TIM_OC2_SetConfig
                0x08002c94       0x78 Drivers\STM32F0xx_HAL_Driver\Src\stm32f0xx_hal_tim.o
                0x08002c94                TIM_OC2_SetConfig
 .text.HAL_TIM_PWM_ConfigChannel
                0x08002d0c       0xd4 Drivers\STM32F0xx_HAL_Driver\Src\stm32f0xx_hal_tim.o
                0x08002d0c                HAL_TIM_PWM_ConfigChannel
 .text.TIM_CCxChannelCmd
                0x08002de0       0x16 Drivers\STM32F0xx_HAL_Driver\Src\stm32f0xx_hal_tim.o
                0x08002de0                TIM_CCxChannelCmd
 *fill*         0x08002df6        0x2 
 .text.HAL_TIM_PWM_Start
                0x08002df8       0x44 Drivers\STM32F0xx_HAL_Driver\Src\stm32f0xx_hal_tim.o
                0x08002df8                HAL_TIM_PWM_Start
 .text.HAL_TIM_PWM_Stop
                0x08002e3c       0x70 Drivers\STM32F0xx_HAL_Driver\Src\stm32f0xx_hal_tim.o
                0x08002e3c                HAL_TIM_PWM_Stop
 .text.HAL_TIMEx_MasterConfigSynchronization
                0x08002eac       0x42 Drivers\STM32F0xx_HAL_Driver\Src\stm32f0xx_hal_tim_ex.o
                0x08002eac                HAL_TIMEx_MasterConfigSynchronization
 *fill*         0x08002eee        0x2 
 .text.Reset_Handler
                0x08002ef0       0x70 startup\startup_stm32f042x6.o
                0x08002ef0                Reset_Handler
 .text.Default_Handler
                0x08002f60        0x2 startup\startup_stm32f042x6.o
                0x08002f60                TIM1_CC_IRQHandler
                0x08002f60                TSC_IRQHandler
                0x08002f60                I2C1_IRQHandler
                0x08002f60                RCC_CRS_IRQHandler
                0x08002f60                SPI1_IRQHandler
                0x08002f60                EXTI2_3_IRQHandler
                0x08002f60                TIM17_IRQHandler
                0x08002f60                RTC_IRQHandler
                0x08002f60                PVD_VDDIO2_IRQHandler
                0x08002f60                TIM16_IRQHandler
                0x08002f60                TIM3_IRQHandler
                0x08002f60                EXTI4_15_IRQHandler
                0x08002f60                DMA1_Channel1_IRQHandler
                0x08002f60                Default_Handler
                0x08002f60                TIM14_IRQHandler
                0x08002f60                DMA1_Channel4_5_IRQHandler
                0x08002f60                EXTI0_1_IRQHandler
                0x08002f60                USB_IRQHandler
                0x08002f60                SPI2_IRQHandler
                0x08002f60                WWDG_IRQHandler
                0x08002f60                TIM2_IRQHandler
                0x08002f60                DMA1_Channel2_3_IRQHandler
                0x08002f60                USART2_IRQHandler
                0x08002f60                FLASH_IRQHandler
                0x08002f60                USART1_IRQHandler
                0x08002f60                TIM1_BRK_UP_TRG_COM_IRQHandler
 *fill*         0x08002f62        0x2 
 .text.__libc_init_array
                0x08002f64       0x48 c:/program files (x86)/atollic/truestudio for stm32 9.3.0/armtools/bin/../lib/gcc/arm-atollic-eabi/6.3.1/../../../../arm-atollic-eabi/lib/armv6-m\libc_nano.a(lib_a-init.o)
                0x08002f64                __libc_init_array
 .text.memcpy   0x08002fac       0x12 c:/program files (x86)/atollic/truestudio for stm32 9.3.0/armtools/bin/../lib/gcc/arm-atollic-eabi/6.3.1/../../../../arm-atollic-eabi/lib/armv6-m\libc_nano.a(lib_a-memcpy-stub.o)
                0x08002fac                memcpy
 .text.memset   0x08002fbe       0x10 c:/program files (x86)/atollic/truestudio for stm32 9.3.0/armtools/bin/../lib/gcc/arm-atollic-eabi/6.3.1/../../../../arm-atollic-eabi/lib/armv6-m\libc_nano.a(lib_a-memset.o)
                0x08002fbe                memset
 *(.glue_7)
 .glue_7        0x08002fce        0x0 linker stubs
 *(.glue_7t)
 .glue_7t       0x08002fce        0x0 linker stubs
 *(.eh_frame)
 *fill*         0x08002fce        0x2 
 .eh_frame      0x08002fd0        0x0 c:/program files (x86)/atollic/truestudio for stm32 9.3.0/armtools/bin/../lib/gcc/arm-atollic-eabi/6.3.1/armv6-m/crtbegin.o
 *(.init)
 .init          0x08002fd0        0x4 c:/program files (x86)/atollic/truestudio for stm32 9.3.0/armtools/bin/../lib/gcc/arm-atollic-eabi/6.3.1/armv6-m/crti.o
                0x08002fd0                _init
 .init          0x08002fd4        0x8 c:/program files (x86)/atollic/truestudio for stm32 9.3.0/armtools/bin/../lib/gcc/arm-atollic-eabi/6.3.1/armv6-m/crtn.o
 *(.fini)
 .fini          0x08002fdc        0x4 c:/program files (x86)/atollic/truestudio for stm32 9.3.0/armtools/bin/../lib/gcc/arm-atollic-eabi/6.3.1/armv6-m/crti.o
                0x08002fdc                _fini
 .fini          0x08002fe0        0x8 c:/program files (x86)/atollic/truestudio for stm32 9.3.0/armtools/bin/../lib/gcc/arm-atollic-eabi/6.3.1/armv6-m/crtn.o
                0x08002fe8                . = ALIGN (0x4)
                0x08002fe8                _etext = .

.vfp11_veneer   0x08002fe8        0x0
 .vfp11_veneer  0x08002fe8        0x0 linker stubs

.v4_bx          0x08002fe8        0x0
 .v4_bx         0x08002fe8        0x0 linker stubs

.iplt           0x08002fe8        0x0
 .iplt          0x08002fe8        0x0 c:/program files (x86)/atollic/truestudio for stm32 9.3.0/armtools/bin/../lib/gcc/arm-atollic-eabi/6.3.1/armv6-m/crtbegin.o

.rodata         0x08002fe8       0x70
                0x08002fe8                . = ALIGN (0x4)
 *(.rodata)
 .rodata        0x08002fe8       0x20 Drivers\STM32F0xx_HAL_Driver\Src\stm32f0xx_hal_rcc.o
 .rodata        0x08003008       0x40 c:/program files (x86)/atollic/truestudio for stm32 9.3.0/armtools/bin/../lib/gcc/arm-atollic-eabi/6.3.1/armv6-m\libgcc.a(muldf3.o)
 *(.rodata*)
 .rodata.AHBPrescTable
                0x08003048       0x10 Core\Src\system_stm32f0xx.o
                0x08003048                AHBPrescTable
                0x08003058                . = ALIGN (0x4)

.rel.dyn        0x08003058        0x0
 .rel.iplt      0x08003058        0x0 c:/program files (x86)/atollic/truestudio for stm32 9.3.0/armtools/bin/../lib/gcc/arm-atollic-eabi/6.3.1/armv6-m/crtbegin.o

.ARM.extab
 *(.ARM.extab* .gnu.linkonce.armextab.*)

.ARM            0x08003058        0x0
                0x08003058                __exidx_start = .
 *(.ARM.exidx*)
                0x08003058                __exidx_end = .

.preinit_array  0x08003058        0x0
                0x08003058                PROVIDE (__preinit_array_start, .)
 *(.preinit_array*)
                0x08003058                PROVIDE (__preinit_array_end, .)

.init_array     0x08003058        0x4
                0x08003058                PROVIDE (__init_array_start, .)
 *(SORT(.init_array.*))
 *(.init_array*)
 .init_array    0x08003058        0x4 c:/program files (x86)/atollic/truestudio for stm32 9.3.0/armtools/bin/../lib/gcc/arm-atollic-eabi/6.3.1/armv6-m/crtbegin.o
                0x0800305c                PROVIDE (__init_array_end, .)

.fini_array     0x0800305c        0x4
                [!provide]                PROVIDE (__fini_array_start, .)
 *(SORT(.fini_array.*))
 *(.fini_array*)
 .fini_array    0x0800305c        0x4 c:/program files (x86)/atollic/truestudio for stm32 9.3.0/armtools/bin/../lib/gcc/arm-atollic-eabi/6.3.1/armv6-m/crtbegin.o
                [!provide]                PROVIDE (__fini_array_end, .)
                0x08003060                _sidata = LOADADDR (.data)

.data           0x20000000        0x4 load address 0x08003060
                0x20000000                . = ALIGN (0x4)
                0x20000000                _sdata = .
 *(.data)
 *(.data*)
 .data.SystemCoreClock
                0x20000000        0x4 Core\Src\system_stm32f0xx.o
                0x20000000                SystemCoreClock
                0x20000004                . = ALIGN (0x4)
                0x20000004                _edata = .

.igot.plt       0x20000004        0x0 load address 0x08003064
 .igot.plt      0x20000004        0x0 c:/program files (x86)/atollic/truestudio for stm32 9.3.0/armtools/bin/../lib/gcc/arm-atollic-eabi/6.3.1/armv6-m/crtbegin.o
                0x20000004                . = ALIGN (0x4)

.bss            0x20000004      0x14c load address 0x08003064
                0x20000004                _sbss = .
                0x20000004                __bss_start__ = _sbss
 *(.bss)
 .bss           0x20000004       0x1c c:/program files (x86)/atollic/truestudio for stm32 9.3.0/armtools/bin/../lib/gcc/arm-atollic-eabi/6.3.1/armv6-m/crtbegin.o
 *(.bss*)
 .bss.RxMessage
                0x20000020       0x24 Core\Src\main.o
 .bss.TxMessage
                0x20000044       0x1c Core\Src\main.o
 .bss.adc_count
                0x20000060        0x4 Core\Src\main.o
                0x20000060                adc_count
 .bss.adc_val   0x20000064       0x10 Core\Src\main.o
                0x20000064                adc_val
 .bss.check_error
                0x20000074        0x4 Core\Src\main.o
                0x20000074                check_error
 *(COMMON)
 COMMON         0x20000078       0xd4 Core\Src\main.o
                0x20000078                hcan
                0x200000bc                ccmr_val
                0x200000c0                htim3
                0x20000100                hadc
 COMMON         0x2000014c        0x4 Drivers\STM32F0xx_HAL_Driver\Src\stm32f0xx_hal.o
                0x2000014c                uwTick
                0x20000150                . = ALIGN (0x4)
                0x20000150                _ebss = .
                0x20000150                __bss_end__ = _ebss

._user_heap_stack
                0x20000150      0x600 load address 0x08003064
                0x20000150                . = ALIGN (0x4)
                [!provide]                PROVIDE (end, .)
                [!provide]                PROVIDE (_end, .)
                0x20000350                . = (. + _Min_Heap_Size)
 *fill*         0x20000150      0x200 
                0x20000750                . = (. + _Min_Stack_Size)
 *fill*         0x20000350      0x400 
                0x20000750                . = ALIGN (0x4)

/DISCARD/
 libc.a(*)
 libm.a(*)
 libgcc.a(*)

.ARM.attributes
                0x00000000       0x28
 *(.ARM.attributes)
 .ARM.attributes
                0x00000000       0x1e c:/program files (x86)/atollic/truestudio for stm32 9.3.0/armtools/bin/../lib/gcc/arm-atollic-eabi/6.3.1/armv6-m/crti.o
 .ARM.attributes
                0x0000001e       0x2c c:/program files (x86)/atollic/truestudio for stm32 9.3.0/armtools/bin/../lib/gcc/arm-atollic-eabi/6.3.1/armv6-m/crtbegin.o
 .ARM.attributes
                0x0000004a       0x31 Core\Src\main.o
 .ARM.attributes
                0x0000007b       0x31 Core\Src\stm32f0xx_hal_msp.o
 .ARM.attributes
                0x000000ac       0x31 Core\Src\stm32f0xx_it.o
 .ARM.attributes
                0x000000dd       0x31 Core\Src\system_stm32f0xx.o
 .ARM.attributes
                0x0000010e       0x31 Drivers\STM32F0xx_HAL_Driver\Src\stm32f0xx_hal.o
 .ARM.attributes
                0x0000013f       0x31 Drivers\STM32F0xx_HAL_Driver\Src\stm32f0xx_hal_adc.o
 .ARM.attributes
                0x00000170       0x31 Drivers\STM32F0xx_HAL_Driver\Src\stm32f0xx_hal_can.o
 .ARM.attributes
                0x000001a1       0x31 Drivers\STM32F0xx_HAL_Driver\Src\stm32f0xx_hal_cortex.o
 .ARM.attributes
                0x000001d2       0x31 Drivers\STM32F0xx_HAL_Driver\Src\stm32f0xx_hal_gpio.o
 .ARM.attributes
                0x00000203       0x31 Drivers\STM32F0xx_HAL_Driver\Src\stm32f0xx_hal_rcc.o
 .ARM.attributes
                0x00000234       0x31 Drivers\STM32F0xx_HAL_Driver\Src\stm32f0xx_hal_tim.o
 .ARM.attributes
                0x00000265       0x31 Drivers\STM32F0xx_HAL_Driver\Src\stm32f0xx_hal_tim_ex.o
 .ARM.attributes
                0x00000296       0x21 startup\startup_stm32f042x6.o
 .ARM.attributes
                0x000002b7       0x2c c:/program files (x86)/atollic/truestudio for stm32 9.3.0/armtools/bin/../lib/gcc/arm-atollic-eabi/6.3.1/../../../../arm-atollic-eabi/lib/armv6-m\libc_nano.a(lib_a-init.o)
 .ARM.attributes
                0x000002e3       0x2c c:/program files (x86)/atollic/truestudio for stm32 9.3.0/armtools/bin/../lib/gcc/arm-atollic-eabi/6.3.1/../../../../arm-atollic-eabi/lib/armv6-m\libc_nano.a(lib_a-memcpy-stub.o)
 .ARM.attributes
                0x0000030f       0x2c c:/program files (x86)/atollic/truestudio for stm32 9.3.0/armtools/bin/../lib/gcc/arm-atollic-eabi/6.3.1/../../../../arm-atollic-eabi/lib/armv6-m\libc_nano.a(lib_a-memset.o)
 .ARM.attributes
                0x0000033b       0x1e c:/program files (x86)/atollic/truestudio for stm32 9.3.0/armtools/bin/../lib/gcc/arm-atollic-eabi/6.3.1/armv6-m\libgcc.a(_thumb1_case_uqi.o)
 .ARM.attributes
                0x00000359       0x1e c:/program files (x86)/atollic/truestudio for stm32 9.3.0/armtools/bin/../lib/gcc/arm-atollic-eabi/6.3.1/armv6-m\libgcc.a(_udivsi3.o)
 .ARM.attributes
                0x00000377       0x1e c:/program files (x86)/atollic/truestudio for stm32 9.3.0/armtools/bin/../lib/gcc/arm-atollic-eabi/6.3.1/armv6-m\libgcc.a(_dvmd_tls.o)
 .ARM.attributes
                0x00000395       0x2c c:/program files (x86)/atollic/truestudio for stm32 9.3.0/armtools/bin/../lib/gcc/arm-atollic-eabi/6.3.1/armv6-m\libgcc.a(adddf3.o)
 .ARM.attributes
                0x000003c1       0x2c c:/program files (x86)/atollic/truestudio for stm32 9.3.0/armtools/bin/../lib/gcc/arm-atollic-eabi/6.3.1/armv6-m\libgcc.a(muldf3.o)
 .ARM.attributes
                0x000003ed       0x2c c:/program files (x86)/atollic/truestudio for stm32 9.3.0/armtools/bin/../lib/gcc/arm-atollic-eabi/6.3.1/armv6-m\libgcc.a(fixdfsi.o)
 .ARM.attributes
                0x00000419       0x2c c:/program files (x86)/atollic/truestudio for stm32 9.3.0/armtools/bin/../lib/gcc/arm-atollic-eabi/6.3.1/armv6-m\libgcc.a(floatsidf.o)
 .ARM.attributes
                0x00000445       0x2c c:/program files (x86)/atollic/truestudio for stm32 9.3.0/armtools/bin/../lib/gcc/arm-atollic-eabi/6.3.1/armv6-m\libgcc.a(extendsfdf2.o)
 .ARM.attributes
                0x00000471       0x2c c:/program files (x86)/atollic/truestudio for stm32 9.3.0/armtools/bin/../lib/gcc/arm-atollic-eabi/6.3.1/armv6-m\libgcc.a(truncdfsf2.o)
 .ARM.attributes
                0x0000049d       0x1e c:/program files (x86)/atollic/truestudio for stm32 9.3.0/armtools/bin/../lib/gcc/arm-atollic-eabi/6.3.1/armv6-m\libgcc.a(_clzsi2.o)
 .ARM.attributes
                0x000004bb       0x1e c:/program files (x86)/atollic/truestudio for stm32 9.3.0/armtools/bin/../lib/gcc/arm-atollic-eabi/6.3.1/armv6-m/crtn.o
OUTPUT(ESC Board (Rebuild).elf elf32-littlearm)

.debug_info     0x00000000    0x11875
 .debug_info    0x00000000     0x2270 Core\Src\main.o
 .debug_info    0x00002270     0x1a93 Core\Src\stm32f0xx_hal_msp.o
 .debug_info    0x00003d03     0x1262 Core\Src\stm32f0xx_it.o
 .debug_info    0x00004f65      0xa67 Core\Src\system_stm32f0xx.o
 .debug_info    0x000059cc      0xe66 Drivers\STM32F0xx_HAL_Driver\Src\stm32f0xx_hal.o
 .debug_info    0x00006832     0x167c Drivers\STM32F0xx_HAL_Driver\Src\stm32f0xx_hal_adc.o
 .debug_info    0x00007eae     0x13df Drivers\STM32F0xx_HAL_Driver\Src\stm32f0xx_hal_can.o
 .debug_info    0x0000928d     0x1005 Drivers\STM32F0xx_HAL_Driver\Src\stm32f0xx_hal_cortex.o
 .debug_info    0x0000a292      0xe5b Drivers\STM32F0xx_HAL_Driver\Src\stm32f0xx_hal_gpio.o
 .debug_info    0x0000b0ed     0x11b6 Drivers\STM32F0xx_HAL_Driver\Src\stm32f0xx_hal_rcc.o
 .debug_info    0x0000c2a3     0x3c09 Drivers\STM32F0xx_HAL_Driver\Src\stm32f0xx_hal_tim.o
 .debug_info    0x0000feac     0x193c Drivers\STM32F0xx_HAL_Driver\Src\stm32f0xx_hal_tim_ex.o
 .debug_info    0x000117e8       0x8d startup\startup_stm32f042x6.o

.debug_abbrev   0x00000000     0x2252
 .debug_abbrev  0x00000000      0x37d Core\Src\main.o
 .debug_abbrev  0x0000037d      0x2a4 Core\Src\stm32f0xx_hal_msp.o
 .debug_abbrev  0x00000621      0x21f Core\Src\stm32f0xx_it.o
 .debug_abbrev  0x00000840      0x1ca Core\Src\system_stm32f0xx.o
 .debug_abbrev  0x00000a0a      0x2d1 Drivers\STM32F0xx_HAL_Driver\Src\stm32f0xx_hal.o
 .debug_abbrev  0x00000cdb      0x34a Drivers\STM32F0xx_HAL_Driver\Src\stm32f0xx_hal_adc.o
 .debug_abbrev  0x00001025      0x2fe Drivers\STM32F0xx_HAL_Driver\Src\stm32f0xx_hal_can.o
 .debug_abbrev  0x00001323      0x30a Drivers\STM32F0xx_HAL_Driver\Src\stm32f0xx_hal_cortex.o
 .debug_abbrev  0x0000162d      0x277 Drivers\STM32F0xx_HAL_Driver\Src\stm32f0xx_hal_gpio.o
 .debug_abbrev  0x000018a4      0x2ea Drivers\STM32F0xx_HAL_Driver\Src\stm32f0xx_hal_rcc.o
 .debug_abbrev  0x00001b8e      0x3a5 Drivers\STM32F0xx_HAL_Driver\Src\stm32f0xx_hal_tim.o
 .debug_abbrev  0x00001f33      0x30d Drivers\STM32F0xx_HAL_Driver\Src\stm32f0xx_hal_tim_ex.o
 .debug_abbrev  0x00002240       0x12 startup\startup_stm32f042x6.o

.debug_loc      0x00000000     0x67df
 .debug_loc     0x00000000      0x101 Core\Src\main.o
 .debug_loc     0x00000101       0xe7 Core\Src\stm32f0xx_hal_msp.o
 .debug_loc     0x000001e8       0xe7 Core\Src\system_stm32f0xx.o
 .debug_loc     0x000002cf       0x7c Drivers\STM32F0xx_HAL_Driver\Src\stm32f0xx_hal.o
 .debug_loc     0x0000034b      0xaad Drivers\STM32F0xx_HAL_Driver\Src\stm32f0xx_hal_adc.o
 .debug_loc     0x00000df8      0x7a3 Drivers\STM32F0xx_HAL_Driver\Src\stm32f0xx_hal_can.o
 .debug_loc     0x0000159b      0x3cc Drivers\STM32F0xx_HAL_Driver\Src\stm32f0xx_hal_cortex.o
 .debug_loc     0x00001967      0x2e8 Drivers\STM32F0xx_HAL_Driver\Src\stm32f0xx_hal_gpio.o
 .debug_loc     0x00001c4f      0x4cb Drivers\STM32F0xx_HAL_Driver\Src\stm32f0xx_hal_rcc.o
 .debug_loc     0x0000211a     0x3b44 Drivers\STM32F0xx_HAL_Driver\Src\stm32f0xx_hal_tim.o
 .debug_loc     0x00005c5e      0xb81 Drivers\STM32F0xx_HAL_Driver\Src\stm32f0xx_hal_tim_ex.o

.debug_aranges  0x00000000      0x7f0
 .debug_aranges
                0x00000000       0x58 Core\Src\main.o
 .debug_aranges
                0x00000058       0x58 Core\Src\stm32f0xx_hal_msp.o
 .debug_aranges
                0x000000b0       0x40 Core\Src\stm32f0xx_it.o
 .debug_aranges
                0x000000f0       0x28 Core\Src\system_stm32f0xx.o
 .debug_aranges
                0x00000118       0xb0 Drivers\STM32F0xx_HAL_Driver\Src\stm32f0xx_hal.o
 .debug_aranges
                0x000001c8       0xd0 Drivers\STM32F0xx_HAL_Driver\Src\stm32f0xx_hal_adc.o
 .debug_aranges
                0x00000298       0x88 Drivers\STM32F0xx_HAL_Driver\Src\stm32f0xx_hal_can.o
 .debug_aranges
                0x00000320       0x78 Drivers\STM32F0xx_HAL_Driver\Src\stm32f0xx_hal_cortex.o
 .debug_aranges
                0x00000398       0x58 Drivers\STM32F0xx_HAL_Driver\Src\stm32f0xx_hal_gpio.o
 .debug_aranges
                0x000003f0       0x80 Drivers\STM32F0xx_HAL_Driver\Src\stm32f0xx_hal_rcc.o
 .debug_aranges
                0x00000470      0x268 Drivers\STM32F0xx_HAL_Driver\Src\stm32f0xx_hal_tim.o
 .debug_aranges
                0x000006d8       0xf0 Drivers\STM32F0xx_HAL_Driver\Src\stm32f0xx_hal_tim_ex.o
 .debug_aranges
                0x000007c8       0x28 startup\startup_stm32f042x6.o

.debug_ranges   0x00000000      0xc10
 .debug_ranges  0x00000000       0xb0 Core\Src\main.o
 .debug_ranges  0x000000b0      0x188 Core\Src\stm32f0xx_hal_msp.o
 .debug_ranges  0x00000238       0x30 Core\Src\stm32f0xx_it.o
 .debug_ranges  0x00000268       0x18 Core\Src\system_stm32f0xx.o
 .debug_ranges  0x00000280       0xa0 Drivers\STM32F0xx_HAL_Driver\Src\stm32f0xx_hal.o
 .debug_ranges  0x00000320       0xc0 Drivers\STM32F0xx_HAL_Driver\Src\stm32f0xx_hal_adc.o
 .debug_ranges  0x000003e0       0x90 Drivers\STM32F0xx_HAL_Driver\Src\stm32f0xx_hal_can.o
 .debug_ranges  0x00000470      0x120 Drivers\STM32F0xx_HAL_Driver\Src\stm32f0xx_hal_cortex.o
 .debug_ranges  0x00000590       0x70 Drivers\STM32F0xx_HAL_Driver\Src\stm32f0xx_hal_gpio.o
 .debug_ranges  0x00000600       0xa0 Drivers\STM32F0xx_HAL_Driver\Src\stm32f0xx_hal_rcc.o
 .debug_ranges  0x000006a0      0x470 Drivers\STM32F0xx_HAL_Driver\Src\stm32f0xx_hal_tim.o
 .debug_ranges  0x00000b10       0xe0 Drivers\STM32F0xx_HAL_Driver\Src\stm32f0xx_hal_tim_ex.o
 .debug_ranges  0x00000bf0       0x20 startup\startup_stm32f042x6.o

.debug_line     0x00000000     0x4c6f
 .debug_line    0x00000000      0x4af Core\Src\main.o
 .debug_line    0x000004af      0x3eb Core\Src\stm32f0xx_hal_msp.o
 .debug_line    0x0000089a      0x2f5 Core\Src\stm32f0xx_it.o
 .debug_line    0x00000b8f      0x26d Core\Src\system_stm32f0xx.o
 .debug_line    0x00000dfc      0x440 Drivers\STM32F0xx_HAL_Driver\Src\stm32f0xx_hal.o
 .debug_line    0x0000123c      0x864 Drivers\STM32F0xx_HAL_Driver\Src\stm32f0xx_hal_adc.o
 .debug_line    0x00001aa0      0x82b Drivers\STM32F0xx_HAL_Driver\Src\stm32f0xx_hal_can.o
 .debug_line    0x000022cb      0x413 Drivers\STM32F0xx_HAL_Driver\Src\stm32f0xx_hal_cortex.o
 .debug_line    0x000026de      0x412 Drivers\STM32F0xx_HAL_Driver\Src\stm32f0xx_hal_gpio.o
 .debug_line    0x00002af0      0x64c Drivers\STM32F0xx_HAL_Driver\Src\stm32f0xx_hal_rcc.o
 .debug_line    0x0000313c     0x1308 Drivers\STM32F0xx_HAL_Driver\Src\stm32f0xx_hal_tim.o
 .debug_line    0x00004444      0x798 Drivers\STM32F0xx_HAL_Driver\Src\stm32f0xx_hal_tim_ex.o
 .debug_line    0x00004bdc       0x93 startup\startup_stm32f042x6.o

.debug_str      0x00000000     0x3245
 .debug_str     0x00000000     0x1360 Core\Src\main.o
                               0x143f (size before relaxing)
 .debug_str     0x00001360      0x293 Core\Src\stm32f0xx_hal_msp.o
                               0x1128 (size before relaxing)
 .debug_str     0x000015f3       0xb9 Core\Src\stm32f0xx_it.o
                                0xc84 (size before relaxing)
 .debug_str     0x000016ac       0x5f Core\Src\system_stm32f0xx.o
                                0x6aa (size before relaxing)
 .debug_str     0x0000170b      0x21a Drivers\STM32F0xx_HAL_Driver\Src\stm32f0xx_hal.o
                                0xa70 (size before relaxing)
 .debug_str     0x00001925      0x299 Drivers\STM32F0xx_HAL_Driver\Src\stm32f0xx_hal_adc.o
                                0xd25 (size before relaxing)
 .debug_str     0x00001bbe      0x101 Drivers\STM32F0xx_HAL_Driver\Src\stm32f0xx_hal_can.o
                                0xbe1 (size before relaxing)
 .debug_str     0x00001cbf      0x19f Drivers\STM32F0xx_HAL_Driver\Src\stm32f0xx_hal_cortex.o
                                0xa78 (size before relaxing)
 .debug_str     0x00001e5e       0xfd Drivers\STM32F0xx_HAL_Driver\Src\stm32f0xx_hal_gpio.o
                                0x87f (size before relaxing)
 .debug_str     0x00001f5b      0x1a7 Drivers\STM32F0xx_HAL_Driver\Src\stm32f0xx_hal_rcc.o
                                0xa6a (size before relaxing)
 .debug_str     0x00002102      0xca6 Drivers\STM32F0xx_HAL_Driver\Src\stm32f0xx_hal_tim.o
                               0x17fa (size before relaxing)
 .debug_str     0x00002da8      0x49d Drivers\STM32F0xx_HAL_Driver\Src\stm32f0xx_hal_tim_ex.o
                               0x106c (size before relaxing)

.comment        0x00000000       0x7c
 .comment       0x00000000       0x7c Core\Src\main.o
                                 0x7d (size before relaxing)
 .comment       0x0000007c       0x7d Core\Src\stm32f0xx_hal_msp.o
 .comment       0x0000007c       0x7d Core\Src\stm32f0xx_it.o
 .comment       0x0000007c       0x7d Core\Src\system_stm32f0xx.o
 .comment       0x0000007c       0x7d Drivers\STM32F0xx_HAL_Driver\Src\stm32f0xx_hal.o
 .comment       0x0000007c       0x7d Drivers\STM32F0xx_HAL_Driver\Src\stm32f0xx_hal_adc.o
 .comment       0x0000007c       0x7d Drivers\STM32F0xx_HAL_Driver\Src\stm32f0xx_hal_can.o
 .comment       0x0000007c       0x7d Drivers\STM32F0xx_HAL_Driver\Src\stm32f0xx_hal_cortex.o
 .comment       0x0000007c       0x7d Drivers\STM32F0xx_HAL_Driver\Src\stm32f0xx_hal_gpio.o
 .comment       0x0000007c       0x7d Drivers\STM32F0xx_HAL_Driver\Src\stm32f0xx_hal_rcc.o
 .comment       0x0000007c       0x7d Drivers\STM32F0xx_HAL_Driver\Src\stm32f0xx_hal_tim.o
 .comment       0x0000007c       0x7d Drivers\STM32F0xx_HAL_Driver\Src\stm32f0xx_hal_tim_ex.o

.debug_frame    0x00000000     0x1a18
 .debug_frame   0x00000000       0xd4 Core\Src\main.o
 .debug_frame   0x000000d4       0xcc Core\Src\stm32f0xx_hal_msp.o
 .debug_frame   0x000001a0       0x98 Core\Src\stm32f0xx_it.o
 .debug_frame   0x00000238       0x3c Core\Src\system_stm32f0xx.o
 .debug_frame   0x00000274      0x178 Drivers\STM32F0xx_HAL_Driver\Src\stm32f0xx_hal.o
 .debug_frame   0x000003ec      0x2d0 Drivers\STM32F0xx_HAL_Driver\Src\stm32f0xx_hal_adc.o
 .debug_frame   0x000006bc      0x1f0 Drivers\STM32F0xx_HAL_Driver\Src\stm32f0xx_hal_can.o
 .debug_frame   0x000008ac       0xe4 Drivers\STM32F0xx_HAL_Driver\Src\stm32f0xx_hal_cortex.o
 .debug_frame   0x00000990       0xc0 Drivers\STM32F0xx_HAL_Driver\Src\stm32f0xx_hal_gpio.o
 .debug_frame   0x00000a50      0x134 Drivers\STM32F0xx_HAL_Driver\Src\stm32f0xx_hal_rcc.o
 .debug_frame   0x00000b84      0x94c Drivers\STM32F0xx_HAL_Driver\Src\stm32f0xx_hal_tim.o
 .debug_frame   0x000014d0      0x388 Drivers\STM32F0xx_HAL_Driver\Src\stm32f0xx_hal_tim_ex.o
 .debug_frame   0x00001858       0x2c c:/program files (x86)/atollic/truestudio for stm32 9.3.0/armtools/bin/../lib/gcc/arm-atollic-eabi/6.3.1/../../../../arm-atollic-eabi/lib/armv6-m\libc_nano.a(lib_a-init.o)
 .debug_frame   0x00001884       0x28 c:/program files (x86)/atollic/truestudio for stm32 9.3.0/armtools/bin/../lib/gcc/arm-atollic-eabi/6.3.1/../../../../arm-atollic-eabi/lib/armv6-m\libc_nano.a(lib_a-memcpy-stub.o)
 .debug_frame   0x000018ac       0x20 c:/program files (x86)/atollic/truestudio for stm32 9.3.0/armtools/bin/../lib/gcc/arm-atollic-eabi/6.3.1/../../../../arm-atollic-eabi/lib/armv6-m\libc_nano.a(lib_a-memset.o)
 .debug_frame   0x000018cc       0x20 c:/program files (x86)/atollic/truestudio for stm32 9.3.0/armtools/bin/../lib/gcc/arm-atollic-eabi/6.3.1/armv6-m\libgcc.a(_udivsi3.o)
 .debug_frame   0x000018ec       0x3c c:/program files (x86)/atollic/truestudio for stm32 9.3.0/armtools/bin/../lib/gcc/arm-atollic-eabi/6.3.1/armv6-m\libgcc.a(adddf3.o)
 .debug_frame   0x00001928       0x3c c:/program files (x86)/atollic/truestudio for stm32 9.3.0/armtools/bin/../lib/gcc/arm-atollic-eabi/6.3.1/armv6-m\libgcc.a(muldf3.o)
 .debug_frame   0x00001964       0x2c c:/program files (x86)/atollic/truestudio for stm32 9.3.0/armtools/bin/../lib/gcc/arm-atollic-eabi/6.3.1/armv6-m\libgcc.a(fixdfsi.o)
 .debug_frame   0x00001990       0x2c c:/program files (x86)/atollic/truestudio for stm32 9.3.0/armtools/bin/../lib/gcc/arm-atollic-eabi/6.3.1/armv6-m\libgcc.a(floatsidf.o)
 .debug_frame   0x000019bc       0x2c c:/program files (x86)/atollic/truestudio for stm32 9.3.0/armtools/bin/../lib/gcc/arm-atollic-eabi/6.3.1/armv6-m\libgcc.a(extendsfdf2.o)
 .debug_frame   0x000019e8       0x30 c:/program files (x86)/atollic/truestudio for stm32 9.3.0/armtools/bin/../lib/gcc/arm-atollic-eabi/6.3.1/armv6-m\libgcc.a(truncdfsf2.o)
