Archive member included to satisfy reference by file (symbol)

c:/program files (x86)/atollic/truestudio for stm32 9.2.0/armtools/bin/../lib/gcc/arm-atollic-eabi/6.3.1/../../../../arm-atollic-eabi/lib/armv6-m\libc_nano.a(lib_a-init.o)
                              startup\startup_stm32f042x6.o (__libc_init_array)
c:/program files (x86)/atollic/truestudio for stm32 9.2.0/armtools/bin/../lib/gcc/arm-atollic-eabi/6.3.1/../../../../arm-atollic-eabi/lib/armv6-m\libc_nano.a(lib_a-memcpy-stub.o)
                              Drivers\STM32F0xx_HAL_Driver\Src\stm32f0xx_hal_rcc.o (memcpy)
c:/program files (x86)/atollic/truestudio for stm32 9.2.0/armtools/bin/../lib/gcc/arm-atollic-eabi/6.3.1/../../../../arm-atollic-eabi/lib/armv6-m\libc_nano.a(lib_a-memset.o)
                              Src\main.o (memset)
c:/program files (x86)/atollic/truestudio for stm32 9.2.0/armtools/bin/../lib/gcc/arm-atollic-eabi/6.3.1/armv6-m\libgcc.a(_thumb1_case_uqi.o)
                              Drivers\STM32F0xx_HAL_Driver\Src\stm32f0xx_hal_dma.o (__gnu_thumb1_case_uqi)
c:/program files (x86)/atollic/truestudio for stm32 9.2.0/armtools/bin/../lib/gcc/arm-atollic-eabi/6.3.1/armv6-m\libgcc.a(_udivsi3.o)
                              Drivers\STM32F0xx_HAL_Driver\Src\stm32f0xx_hal.o (__aeabi_uidiv)
c:/program files (x86)/atollic/truestudio for stm32 9.2.0/armtools/bin/../lib/gcc/arm-atollic-eabi/6.3.1/armv6-m\libgcc.a(_dvmd_tls.o)
                              c:/program files (x86)/atollic/truestudio for stm32 9.2.0/armtools/bin/../lib/gcc/arm-atollic-eabi/6.3.1/armv6-m\libgcc.a(_udivsi3.o) (__aeabi_idiv0)
c:/program files (x86)/atollic/truestudio for stm32 9.2.0/armtools/bin/../lib/gcc/arm-atollic-eabi/6.3.1/armv6-m\libgcc.a(_lshrdi3.o)
                              Drivers\STM32F0xx_HAL_Driver\Src\stm32f0xx_hal_flash.o (__aeabi_llsr)

Allocating common symbols
Common symbol       size              file

hcan                0x44              Src\main.o
uwTick              0x4               Drivers\STM32F0xx_HAL_Driver\Src\stm32f0xx_hal.o
pFlash              0x20              Drivers\STM32F0xx_HAL_Driver\Src\stm32f0xx_hal_flash.o
sol_byte            0x1               Src\main.o
hspi1               0x64              Src\main.o

Discarded input sections

 .text          0x00000000        0x0 c:/program files (x86)/atollic/truestudio for stm32 9.2.0/armtools/bin/../lib/gcc/arm-atollic-eabi/6.3.1/armv6-m/crti.o
 .data          0x00000000        0x0 c:/program files (x86)/atollic/truestudio for stm32 9.2.0/armtools/bin/../lib/gcc/arm-atollic-eabi/6.3.1/armv6-m/crti.o
 .bss           0x00000000        0x0 c:/program files (x86)/atollic/truestudio for stm32 9.2.0/armtools/bin/../lib/gcc/arm-atollic-eabi/6.3.1/armv6-m/crti.o
 .data          0x00000000        0x4 c:/program files (x86)/atollic/truestudio for stm32 9.2.0/armtools/bin/../lib/gcc/arm-atollic-eabi/6.3.1/armv6-m/crtbegin.o
 .text          0x00000000        0x0 Drivers\STM32F0xx_HAL_Driver\Src\stm32f0xx_hal.o
 .data          0x00000000        0x0 Drivers\STM32F0xx_HAL_Driver\Src\stm32f0xx_hal.o
 .bss           0x00000000        0x0 Drivers\STM32F0xx_HAL_Driver\Src\stm32f0xx_hal.o
 .text.HAL_MspInit
                0x00000000        0x2 Drivers\STM32F0xx_HAL_Driver\Src\stm32f0xx_hal.o
 .text.HAL_MspDeInit
                0x00000000        0x2 Drivers\STM32F0xx_HAL_Driver\Src\stm32f0xx_hal.o
 .text.HAL_DeInit
                0x00000000       0x24 Drivers\STM32F0xx_HAL_Driver\Src\stm32f0xx_hal.o
 .text.HAL_Delay
                0x00000000       0x20 Drivers\STM32F0xx_HAL_Driver\Src\stm32f0xx_hal.o
 .text.HAL_SuspendTick
                0x00000000       0x10 Drivers\STM32F0xx_HAL_Driver\Src\stm32f0xx_hal.o
 .text.HAL_ResumeTick
                0x00000000       0x10 Drivers\STM32F0xx_HAL_Driver\Src\stm32f0xx_hal.o
 .text.HAL_GetHalVersion
                0x00000000        0x8 Drivers\STM32F0xx_HAL_Driver\Src\stm32f0xx_hal.o
 .text.HAL_GetREVID
                0x00000000        0xc Drivers\STM32F0xx_HAL_Driver\Src\stm32f0xx_hal.o
 .text.HAL_GetDEVID
                0x00000000       0x10 Drivers\STM32F0xx_HAL_Driver\Src\stm32f0xx_hal.o
 .text.HAL_GetUIDw0
                0x00000000        0xc Drivers\STM32F0xx_HAL_Driver\Src\stm32f0xx_hal.o
 .text.HAL_GetUIDw1
                0x00000000        0xc Drivers\STM32F0xx_HAL_Driver\Src\stm32f0xx_hal.o
 .text.HAL_GetUIDw2
                0x00000000        0xc Drivers\STM32F0xx_HAL_Driver\Src\stm32f0xx_hal.o
 .text.HAL_DBGMCU_EnableDBGStopMode
                0x00000000       0x10 Drivers\STM32F0xx_HAL_Driver\Src\stm32f0xx_hal.o
 .text.HAL_DBGMCU_DisableDBGStopMode
                0x00000000       0x10 Drivers\STM32F0xx_HAL_Driver\Src\stm32f0xx_hal.o
 .text.HAL_DBGMCU_EnableDBGStandbyMode
                0x00000000       0x10 Drivers\STM32F0xx_HAL_Driver\Src\stm32f0xx_hal.o
 .text.HAL_DBGMCU_DisableDBGStandbyMode
                0x00000000       0x10 Drivers\STM32F0xx_HAL_Driver\Src\stm32f0xx_hal.o
 .text          0x00000000        0x0 Drivers\STM32F0xx_HAL_Driver\Src\stm32f0xx_hal_can.o
 .data          0x00000000        0x0 Drivers\STM32F0xx_HAL_Driver\Src\stm32f0xx_hal_can.o
 .bss           0x00000000        0x0 Drivers\STM32F0xx_HAL_Driver\Src\stm32f0xx_hal_can.o
 .text.HAL_CAN_ConfigFilter
                0x00000000       0xe0 Drivers\STM32F0xx_HAL_Driver\Src\stm32f0xx_hal_can.o
 .text.HAL_CAN_MspInit
                0x00000000        0x2 Drivers\STM32F0xx_HAL_Driver\Src\stm32f0xx_hal_can.o
 .text.HAL_CAN_MspDeInit
                0x00000000        0x2 Drivers\STM32F0xx_HAL_Driver\Src\stm32f0xx_hal_can.o
 .text.HAL_CAN_DeInit
                0x00000000       0x22 Drivers\STM32F0xx_HAL_Driver\Src\stm32f0xx_hal_can.o
 .text.HAL_CAN_Transmit
                0x00000000      0x1c0 Drivers\STM32F0xx_HAL_Driver\Src\stm32f0xx_hal_can.o
 .text.HAL_CAN_Transmit_IT
                0x00000000      0x100 Drivers\STM32F0xx_HAL_Driver\Src\stm32f0xx_hal_can.o
 .text.HAL_CAN_Receive
                0x00000000      0x1ba Drivers\STM32F0xx_HAL_Driver\Src\stm32f0xx_hal_can.o
 .text.HAL_CAN_Sleep
                0x00000000       0x72 Drivers\STM32F0xx_HAL_Driver\Src\stm32f0xx_hal_can.o
 .text.HAL_CAN_WakeUp
                0x00000000       0x5a Drivers\STM32F0xx_HAL_Driver\Src\stm32f0xx_hal_can.o
 .text.HAL_CAN_RxCpltCallback
                0x00000000        0x2 Drivers\STM32F0xx_HAL_Driver\Src\stm32f0xx_hal_can.o
 .text.HAL_CAN_GetState
                0x00000000        0x8 Drivers\STM32F0xx_HAL_Driver\Src\stm32f0xx_hal_can.o
 .text.HAL_CAN_GetError
                0x00000000        0x4 Drivers\STM32F0xx_HAL_Driver\Src\stm32f0xx_hal_can.o
 .text          0x00000000        0x0 Drivers\STM32F0xx_HAL_Driver\Src\stm32f0xx_hal_cortex.o
 .data          0x00000000        0x0 Drivers\STM32F0xx_HAL_Driver\Src\stm32f0xx_hal_cortex.o
 .bss           0x00000000        0x0 Drivers\STM32F0xx_HAL_Driver\Src\stm32f0xx_hal_cortex.o
 .text.HAL_NVIC_DisableIRQ
                0x00000000       0x14 Drivers\STM32F0xx_HAL_Driver\Src\stm32f0xx_hal_cortex.o
 .text.HAL_NVIC_SystemReset
                0x00000000       0x1c Drivers\STM32F0xx_HAL_Driver\Src\stm32f0xx_hal_cortex.o
 .text.HAL_NVIC_GetPriority
                0x00000000       0x44 Drivers\STM32F0xx_HAL_Driver\Src\stm32f0xx_hal_cortex.o
 .text.HAL_NVIC_SetPendingIRQ
                0x00000000       0x14 Drivers\STM32F0xx_HAL_Driver\Src\stm32f0xx_hal_cortex.o
 .text.HAL_NVIC_GetPendingIRQ
                0x00000000       0x18 Drivers\STM32F0xx_HAL_Driver\Src\stm32f0xx_hal_cortex.o
 .text.HAL_NVIC_ClearPendingIRQ
                0x00000000       0x18 Drivers\STM32F0xx_HAL_Driver\Src\stm32f0xx_hal_cortex.o
 .text.HAL_SYSTICK_CLKSourceConfig
                0x00000000       0x1c Drivers\STM32F0xx_HAL_Driver\Src\stm32f0xx_hal_cortex.o
 .text.HAL_SYSTICK_Callback
                0x00000000        0x2 Drivers\STM32F0xx_HAL_Driver\Src\stm32f0xx_hal_cortex.o
 .text.HAL_SYSTICK_IRQHandler
                0x00000000        0x8 Drivers\STM32F0xx_HAL_Driver\Src\stm32f0xx_hal_cortex.o
 .text          0x00000000        0x0 Drivers\STM32F0xx_HAL_Driver\Src\stm32f0xx_hal_dma.o
 .data          0x00000000        0x0 Drivers\STM32F0xx_HAL_Driver\Src\stm32f0xx_hal_dma.o
 .bss           0x00000000        0x0 Drivers\STM32F0xx_HAL_Driver\Src\stm32f0xx_hal_dma.o
 .text.HAL_DMA_Init
                0x00000000       0x6c Drivers\STM32F0xx_HAL_Driver\Src\stm32f0xx_hal_dma.o
 .text.HAL_DMA_DeInit
                0x00000000       0x4c Drivers\STM32F0xx_HAL_Driver\Src\stm32f0xx_hal_dma.o
 .text.HAL_DMA_Start
                0x00000000       0x58 Drivers\STM32F0xx_HAL_Driver\Src\stm32f0xx_hal_dma.o
 .text.HAL_DMA_Start_IT
                0x00000000       0x76 Drivers\STM32F0xx_HAL_Driver\Src\stm32f0xx_hal_dma.o
 .text.HAL_DMA_Abort
                0x00000000       0x2a Drivers\STM32F0xx_HAL_Driver\Src\stm32f0xx_hal_dma.o
 .text.HAL_DMA_Abort_IT
                0x00000000       0x46 Drivers\STM32F0xx_HAL_Driver\Src\stm32f0xx_hal_dma.o
 .text.HAL_DMA_PollForTransfer
                0x00000000       0xbc Drivers\STM32F0xx_HAL_Driver\Src\stm32f0xx_hal_dma.o
 .text.HAL_DMA_IRQHandler
                0x00000000       0x92 Drivers\STM32F0xx_HAL_Driver\Src\stm32f0xx_hal_dma.o
 .text.HAL_DMA_RegisterCallback
                0x00000000       0x44 Drivers\STM32F0xx_HAL_Driver\Src\stm32f0xx_hal_dma.o
 .text.HAL_DMA_UnRegisterCallback
                0x00000000       0x4e Drivers\STM32F0xx_HAL_Driver\Src\stm32f0xx_hal_dma.o
 .text.HAL_DMA_GetState
                0x00000000        0x8 Drivers\STM32F0xx_HAL_Driver\Src\stm32f0xx_hal_dma.o
 .text.HAL_DMA_GetError
                0x00000000        0x4 Drivers\STM32F0xx_HAL_Driver\Src\stm32f0xx_hal_dma.o
 .debug_info    0x00000000     0x1022 Drivers\STM32F0xx_HAL_Driver\Src\stm32f0xx_hal_dma.o
 .debug_abbrev  0x00000000      0x2b0 Drivers\STM32F0xx_HAL_Driver\Src\stm32f0xx_hal_dma.o
 .debug_loc     0x00000000      0x7ca Drivers\STM32F0xx_HAL_Driver\Src\stm32f0xx_hal_dma.o
 .debug_aranges
                0x00000000       0x78 Drivers\STM32F0xx_HAL_Driver\Src\stm32f0xx_hal_dma.o
 .debug_ranges  0x00000000       0xe8 Drivers\STM32F0xx_HAL_Driver\Src\stm32f0xx_hal_dma.o
 .debug_line    0x00000000      0x570 Drivers\STM32F0xx_HAL_Driver\Src\stm32f0xx_hal_dma.o
 .debug_str     0x00000000      0xa9b Drivers\STM32F0xx_HAL_Driver\Src\stm32f0xx_hal_dma.o
 .comment       0x00000000       0x7d Drivers\STM32F0xx_HAL_Driver\Src\stm32f0xx_hal_dma.o
 .debug_frame   0x00000000      0x154 Drivers\STM32F0xx_HAL_Driver\Src\stm32f0xx_hal_dma.o
 .ARM.attributes
                0x00000000       0x31 Drivers\STM32F0xx_HAL_Driver\Src\stm32f0xx_hal_dma.o
 .text          0x00000000        0x0 Drivers\STM32F0xx_HAL_Driver\Src\stm32f0xx_hal_flash.o
 .data          0x00000000        0x0 Drivers\STM32F0xx_HAL_Driver\Src\stm32f0xx_hal_flash.o
 .bss           0x00000000        0x0 Drivers\STM32F0xx_HAL_Driver\Src\stm32f0xx_hal_flash.o
 .text.FLASH_SetErrorCode
                0x00000000       0x3c Drivers\STM32F0xx_HAL_Driver\Src\stm32f0xx_hal_flash.o
 .text.HAL_FLASH_Program_IT
                0x00000000       0x5c Drivers\STM32F0xx_HAL_Driver\Src\stm32f0xx_hal_flash.o
 .text.HAL_FLASH_EndOfOperationCallback
                0x00000000        0x2 Drivers\STM32F0xx_HAL_Driver\Src\stm32f0xx_hal_flash.o
 .text.HAL_FLASH_OperationErrorCallback
                0x00000000        0x2 Drivers\STM32F0xx_HAL_Driver\Src\stm32f0xx_hal_flash.o
 .text.HAL_FLASH_IRQHandler
                0x00000000      0x11c Drivers\STM32F0xx_HAL_Driver\Src\stm32f0xx_hal_flash.o
 .text.HAL_FLASH_Unlock
                0x00000000       0x24 Drivers\STM32F0xx_HAL_Driver\Src\stm32f0xx_hal_flash.o
 .text.HAL_FLASH_Lock
                0x00000000       0x14 Drivers\STM32F0xx_HAL_Driver\Src\stm32f0xx_hal_flash.o
 .text.HAL_FLASH_OB_Unlock
                0x00000000       0x28 Drivers\STM32F0xx_HAL_Driver\Src\stm32f0xx_hal_flash.o
 .text.HAL_FLASH_OB_Lock
                0x00000000       0x18 Drivers\STM32F0xx_HAL_Driver\Src\stm32f0xx_hal_flash.o
 .text.HAL_FLASH_GetError
                0x00000000        0xc Drivers\STM32F0xx_HAL_Driver\Src\stm32f0xx_hal_flash.o
 .text.FLASH_WaitForLastOperation
                0x00000000       0x54 Drivers\STM32F0xx_HAL_Driver\Src\stm32f0xx_hal_flash.o
 .text.HAL_FLASH_Program
                0x00000000       0x84 Drivers\STM32F0xx_HAL_Driver\Src\stm32f0xx_hal_flash.o
 .text.HAL_FLASH_OB_Launch
                0x00000000       0x20 Drivers\STM32F0xx_HAL_Driver\Src\stm32f0xx_hal_flash.o
 .debug_info    0x00000000      0xe61 Drivers\STM32F0xx_HAL_Driver\Src\stm32f0xx_hal_flash.o
 .debug_abbrev  0x00000000      0x388 Drivers\STM32F0xx_HAL_Driver\Src\stm32f0xx_hal_flash.o
 .debug_loc     0x00000000      0x292 Drivers\STM32F0xx_HAL_Driver\Src\stm32f0xx_hal_flash.o
 .debug_aranges
                0x00000000       0x78 Drivers\STM32F0xx_HAL_Driver\Src\stm32f0xx_hal_flash.o
 .debug_ranges  0x00000000       0xb0 Drivers\STM32F0xx_HAL_Driver\Src\stm32f0xx_hal_flash.o
 .debug_line    0x00000000      0x4a6 Drivers\STM32F0xx_HAL_Driver\Src\stm32f0xx_hal_flash.o
 .debug_str     0x00000000      0x98e Drivers\STM32F0xx_HAL_Driver\Src\stm32f0xx_hal_flash.o
 .comment       0x00000000       0x7d Drivers\STM32F0xx_HAL_Driver\Src\stm32f0xx_hal_flash.o
 .debug_frame   0x00000000      0x130 Drivers\STM32F0xx_HAL_Driver\Src\stm32f0xx_hal_flash.o
 .ARM.attributes
                0x00000000       0x31 Drivers\STM32F0xx_HAL_Driver\Src\stm32f0xx_hal_flash.o
 COMMON         0x00000000       0x20 Drivers\STM32F0xx_HAL_Driver\Src\stm32f0xx_hal_flash.o
 .text          0x00000000        0x0 Drivers\STM32F0xx_HAL_Driver\Src\stm32f0xx_hal_flash_ex.o
 .data          0x00000000        0x0 Drivers\STM32F0xx_HAL_Driver\Src\stm32f0xx_hal_flash_ex.o
 .bss           0x00000000        0x0 Drivers\STM32F0xx_HAL_Driver\Src\stm32f0xx_hal_flash_ex.o
 .text.FLASH_MassErase
                0x00000000       0x24 Drivers\STM32F0xx_HAL_Driver\Src\stm32f0xx_hal_flash_ex.o
 .text.FLASH_OB_RDP_LevelConfig
                0x00000000       0x60 Drivers\STM32F0xx_HAL_Driver\Src\stm32f0xx_hal_flash_ex.o
 .text.HAL_FLASHEx_OBErase
                0x00000000       0x5c Drivers\STM32F0xx_HAL_Driver\Src\stm32f0xx_hal_flash_ex.o
 .text.HAL_FLASHEx_OBProgram
                0x00000000      0x12c Drivers\STM32F0xx_HAL_Driver\Src\stm32f0xx_hal_flash_ex.o
 .text.HAL_FLASHEx_OBGetConfig
                0x00000000       0x2c Drivers\STM32F0xx_HAL_Driver\Src\stm32f0xx_hal_flash_ex.o
 .text.HAL_FLASHEx_OBGetUserData
                0x00000000       0x20 Drivers\STM32F0xx_HAL_Driver\Src\stm32f0xx_hal_flash_ex.o
 .text.FLASH_PageErase
                0x00000000       0x24 Drivers\STM32F0xx_HAL_Driver\Src\stm32f0xx_hal_flash_ex.o
 .text.HAL_FLASHEx_Erase
                0x00000000       0x94 Drivers\STM32F0xx_HAL_Driver\Src\stm32f0xx_hal_flash_ex.o
 .text.HAL_FLASHEx_Erase_IT
                0x00000000       0x50 Drivers\STM32F0xx_HAL_Driver\Src\stm32f0xx_hal_flash_ex.o
 .debug_info    0x00000000     0x11c2 Drivers\STM32F0xx_HAL_Driver\Src\stm32f0xx_hal_flash_ex.o
 .debug_abbrev  0x00000000      0x33a Drivers\STM32F0xx_HAL_Driver\Src\stm32f0xx_hal_flash_ex.o
 .debug_loc     0x00000000      0x4fa Drivers\STM32F0xx_HAL_Driver\Src\stm32f0xx_hal_flash_ex.o
 .debug_aranges
                0x00000000       0x60 Drivers\STM32F0xx_HAL_Driver\Src\stm32f0xx_hal_flash_ex.o
 .debug_ranges  0x00000000       0xf8 Drivers\STM32F0xx_HAL_Driver\Src\stm32f0xx_hal_flash_ex.o
 .debug_line    0x00000000      0x4bc Drivers\STM32F0xx_HAL_Driver\Src\stm32f0xx_hal_flash_ex.o
 .debug_str     0x00000000      0xa7b Drivers\STM32F0xx_HAL_Driver\Src\stm32f0xx_hal_flash_ex.o
 .comment       0x00000000       0x7d Drivers\STM32F0xx_HAL_Driver\Src\stm32f0xx_hal_flash_ex.o
 .debug_frame   0x00000000       0xe8 Drivers\STM32F0xx_HAL_Driver\Src\stm32f0xx_hal_flash_ex.o
 .ARM.attributes
                0x00000000       0x31 Drivers\STM32F0xx_HAL_Driver\Src\stm32f0xx_hal_flash_ex.o
 .text          0x00000000        0x0 Drivers\STM32F0xx_HAL_Driver\Src\stm32f0xx_hal_gpio.o
 .data          0x00000000        0x0 Drivers\STM32F0xx_HAL_Driver\Src\stm32f0xx_hal_gpio.o
 .bss           0x00000000        0x0 Drivers\STM32F0xx_HAL_Driver\Src\stm32f0xx_hal_gpio.o
 .text.HAL_GPIO_DeInit
                0x00000000       0xcc Drivers\STM32F0xx_HAL_Driver\Src\stm32f0xx_hal_gpio.o
 .text.HAL_GPIO_ReadPin
                0x00000000        0xc Drivers\STM32F0xx_HAL_Driver\Src\stm32f0xx_hal_gpio.o
 .text.HAL_GPIO_LockPin
                0x00000000       0x28 Drivers\STM32F0xx_HAL_Driver\Src\stm32f0xx_hal_gpio.o
 .text.HAL_GPIO_EXTI_Callback
                0x00000000        0x2 Drivers\STM32F0xx_HAL_Driver\Src\stm32f0xx_hal_gpio.o
 .text.HAL_GPIO_EXTI_IRQHandler
                0x00000000       0x18 Drivers\STM32F0xx_HAL_Driver\Src\stm32f0xx_hal_gpio.o
 .text          0x00000000        0x0 Drivers\STM32F0xx_HAL_Driver\Src\stm32f0xx_hal_i2c.o
 .data          0x00000000        0x0 Drivers\STM32F0xx_HAL_Driver\Src\stm32f0xx_hal_i2c.o
 .bss           0x00000000        0x0 Drivers\STM32F0xx_HAL_Driver\Src\stm32f0xx_hal_i2c.o
 .text.I2C_Flush_TXDR
                0x00000000       0x1c Drivers\STM32F0xx_HAL_Driver\Src\stm32f0xx_hal_i2c.o
 .text.I2C_DMASlaveReceiveCplt
                0x00000000        0x2 Drivers\STM32F0xx_HAL_Driver\Src\stm32f0xx_hal_i2c.o
 .text.I2C_TransferConfig
                0x00000000       0x24 Drivers\STM32F0xx_HAL_Driver\Src\stm32f0xx_hal_i2c.o
 .text.I2C_Enable_IRQ
                0x00000000       0x6c Drivers\STM32F0xx_HAL_Driver\Src\stm32f0xx_hal_i2c.o
 .text.I2C_Disable_IRQ
                0x00000000       0x60 Drivers\STM32F0xx_HAL_Driver\Src\stm32f0xx_hal_i2c.o
 .text.I2C_WaitOnFlagUntilTimeout
                0x00000000       0x4c Drivers\STM32F0xx_HAL_Driver\Src\stm32f0xx_hal_i2c.o
 .text.I2C_DMAMasterTransmitCplt
                0x00000000       0x44 Drivers\STM32F0xx_HAL_Driver\Src\stm32f0xx_hal_i2c.o
 .text.I2C_DMAMasterReceiveCplt
                0x00000000       0x44 Drivers\STM32F0xx_HAL_Driver\Src\stm32f0xx_hal_i2c.o
 .text.I2C_IsAcknowledgeFailed
                0x00000000       0x80 Drivers\STM32F0xx_HAL_Driver\Src\stm32f0xx_hal_i2c.o
 .text.I2C_WaitOnTXISFlagUntilTimeout
                0x00000000       0x5a Drivers\STM32F0xx_HAL_Driver\Src\stm32f0xx_hal_i2c.o
 .text.I2C_RequestMemoryWrite
                0x00000000       0x68 Drivers\STM32F0xx_HAL_Driver\Src\stm32f0xx_hal_i2c.o
 .text.I2C_RequestMemoryRead
                0x00000000       0x66 Drivers\STM32F0xx_HAL_Driver\Src\stm32f0xx_hal_i2c.o
 .text.I2C_WaitOnRXNEFlagUntilTimeout
                0x00000000       0x78 Drivers\STM32F0xx_HAL_Driver\Src\stm32f0xx_hal_i2c.o
 .text.I2C_DMASlaveTransmitCplt
                0x00000000        0x2 Drivers\STM32F0xx_HAL_Driver\Src\stm32f0xx_hal_i2c.o
 .text.I2C_WaitOnSTOPFlagUntilTimeout
                0x00000000       0x56 Drivers\STM32F0xx_HAL_Driver\Src\stm32f0xx_hal_i2c.o
 .text.HAL_I2C_MspInit
                0x00000000        0x2 Drivers\STM32F0xx_HAL_Driver\Src\stm32f0xx_hal_i2c.o
 .text.HAL_I2C_Init
                0x00000000       0xac Drivers\STM32F0xx_HAL_Driver\Src\stm32f0xx_hal_i2c.o
 .text.HAL_I2C_MspDeInit
                0x00000000        0x2 Drivers\STM32F0xx_HAL_Driver\Src\stm32f0xx_hal_i2c.o
 .text.HAL_I2C_DeInit
                0x00000000       0x34 Drivers\STM32F0xx_HAL_Driver\Src\stm32f0xx_hal_i2c.o
 .text.HAL_I2C_Master_Transmit
                0x00000000      0x130 Drivers\STM32F0xx_HAL_Driver\Src\stm32f0xx_hal_i2c.o
 .text.HAL_I2C_Master_Receive
                0x00000000      0x130 Drivers\STM32F0xx_HAL_Driver\Src\stm32f0xx_hal_i2c.o
 .text.HAL_I2C_Slave_Transmit
                0x00000000      0x158 Drivers\STM32F0xx_HAL_Driver\Src\stm32f0xx_hal_i2c.o
 .text.HAL_I2C_Slave_Receive
                0x00000000      0x14c Drivers\STM32F0xx_HAL_Driver\Src\stm32f0xx_hal_i2c.o
 .text.HAL_I2C_Master_Transmit_IT
                0x00000000       0x90 Drivers\STM32F0xx_HAL_Driver\Src\stm32f0xx_hal_i2c.o
 .text.HAL_I2C_Master_Receive_IT
                0x00000000       0x90 Drivers\STM32F0xx_HAL_Driver\Src\stm32f0xx_hal_i2c.o
 .text.HAL_I2C_Slave_Transmit_IT
                0x00000000       0x5c Drivers\STM32F0xx_HAL_Driver\Src\stm32f0xx_hal_i2c.o
 .text.HAL_I2C_Slave_Receive_IT
                0x00000000       0x5c Drivers\STM32F0xx_HAL_Driver\Src\stm32f0xx_hal_i2c.o
 .text.HAL_I2C_Master_Transmit_DMA
                0x00000000      0x104 Drivers\STM32F0xx_HAL_Driver\Src\stm32f0xx_hal_i2c.o
 .text.HAL_I2C_Master_Receive_DMA
                0x00000000      0x100 Drivers\STM32F0xx_HAL_Driver\Src\stm32f0xx_hal_i2c.o
 .text.HAL_I2C_Slave_Transmit_DMA
                0x00000000       0x9c Drivers\STM32F0xx_HAL_Driver\Src\stm32f0xx_hal_i2c.o
 .text.HAL_I2C_Slave_Receive_DMA
                0x00000000       0xa0 Drivers\STM32F0xx_HAL_Driver\Src\stm32f0xx_hal_i2c.o
 .text.HAL_I2C_Mem_Write
                0x00000000      0x174 Drivers\STM32F0xx_HAL_Driver\Src\stm32f0xx_hal_i2c.o
 .text.HAL_I2C_Mem_Read
                0x00000000      0x180 Drivers\STM32F0xx_HAL_Driver\Src\stm32f0xx_hal_i2c.o
 .text.HAL_I2C_Mem_Write_IT
                0x00000000       0xdc Drivers\STM32F0xx_HAL_Driver\Src\stm32f0xx_hal_i2c.o
 .text.HAL_I2C_Mem_Read_IT
                0x00000000       0xe0 Drivers\STM32F0xx_HAL_Driver\Src\stm32f0xx_hal_i2c.o
 .text.HAL_I2C_Mem_Write_DMA
                0x00000000      0x114 Drivers\STM32F0xx_HAL_Driver\Src\stm32f0xx_hal_i2c.o
 .text.HAL_I2C_Mem_Read_DMA
                0x00000000      0x118 Drivers\STM32F0xx_HAL_Driver\Src\stm32f0xx_hal_i2c.o
 .text.HAL_I2C_IsDeviceReady
                0x00000000      0x12c Drivers\STM32F0xx_HAL_Driver\Src\stm32f0xx_hal_i2c.o
 .text.HAL_I2C_Master_Sequential_Transmit_IT
                0x00000000       0x7c Drivers\STM32F0xx_HAL_Driver\Src\stm32f0xx_hal_i2c.o
 .text.HAL_I2C_Master_Sequential_Receive_IT
                0x00000000       0x7c Drivers\STM32F0xx_HAL_Driver\Src\stm32f0xx_hal_i2c.o
 .text.HAL_I2C_Slave_Sequential_Transmit_IT
                0x00000000       0x98 Drivers\STM32F0xx_HAL_Driver\Src\stm32f0xx_hal_i2c.o
 .text.HAL_I2C_Slave_Sequential_Receive_IT
                0x00000000       0x98 Drivers\STM32F0xx_HAL_Driver\Src\stm32f0xx_hal_i2c.o
 .text.HAL_I2C_EnableListen_IT
                0x00000000       0x28 Drivers\STM32F0xx_HAL_Driver\Src\stm32f0xx_hal_i2c.o
 .text.HAL_I2C_DisableListen_IT
                0x00000000       0x32 Drivers\STM32F0xx_HAL_Driver\Src\stm32f0xx_hal_i2c.o
 .text.HAL_I2C_Master_Abort_IT
                0x00000000       0x5c Drivers\STM32F0xx_HAL_Driver\Src\stm32f0xx_hal_i2c.o
 .text.HAL_I2C_EV_IRQHandler
                0x00000000       0x12 Drivers\STM32F0xx_HAL_Driver\Src\stm32f0xx_hal_i2c.o
 .text.HAL_I2C_MasterTxCpltCallback
                0x00000000        0x2 Drivers\STM32F0xx_HAL_Driver\Src\stm32f0xx_hal_i2c.o
 .text.HAL_I2C_MasterRxCpltCallback
                0x00000000        0x2 Drivers\STM32F0xx_HAL_Driver\Src\stm32f0xx_hal_i2c.o
 .text.I2C_ITMasterSequentialCplt
                0x00000000       0x48 Drivers\STM32F0xx_HAL_Driver\Src\stm32f0xx_hal_i2c.o
 .text.HAL_I2C_SlaveTxCpltCallback
                0x00000000        0x2 Drivers\STM32F0xx_HAL_Driver\Src\stm32f0xx_hal_i2c.o
 .text.HAL_I2C_SlaveRxCpltCallback
                0x00000000        0x2 Drivers\STM32F0xx_HAL_Driver\Src\stm32f0xx_hal_i2c.o
 .text.I2C_ITSlaveSequentialCplt
                0x00000000       0x52 Drivers\STM32F0xx_HAL_Driver\Src\stm32f0xx_hal_i2c.o
 .text.HAL_I2C_AddrCallback
                0x00000000        0x2 Drivers\STM32F0xx_HAL_Driver\Src\stm32f0xx_hal_i2c.o
 .text.HAL_I2C_ListenCpltCallback
                0x00000000        0x2 Drivers\STM32F0xx_HAL_Driver\Src\stm32f0xx_hal_i2c.o
 .text.I2C_ITListenCplt
                0x00000000       0x64 Drivers\STM32F0xx_HAL_Driver\Src\stm32f0xx_hal_i2c.o
 .text.HAL_I2C_MemTxCpltCallback
                0x00000000        0x2 Drivers\STM32F0xx_HAL_Driver\Src\stm32f0xx_hal_i2c.o
 .text.HAL_I2C_MemRxCpltCallback
                0x00000000        0x2 Drivers\STM32F0xx_HAL_Driver\Src\stm32f0xx_hal_i2c.o
 .text.HAL_I2C_ErrorCallback
                0x00000000        0x2 Drivers\STM32F0xx_HAL_Driver\Src\stm32f0xx_hal_i2c.o
 .text.HAL_I2C_AbortCpltCallback
                0x00000000        0x2 Drivers\STM32F0xx_HAL_Driver\Src\stm32f0xx_hal_i2c.o
 .text.I2C_ITError
                0x00000000       0xe0 Drivers\STM32F0xx_HAL_Driver\Src\stm32f0xx_hal_i2c.o
 .text.I2C_ITSlaveCplt
                0x00000000       0xf8 Drivers\STM32F0xx_HAL_Driver\Src\stm32f0xx_hal_i2c.o
 .text.I2C_Slave_ISR_IT
                0x00000000      0x1d0 Drivers\STM32F0xx_HAL_Driver\Src\stm32f0xx_hal_i2c.o
 .text.I2C_Slave_ISR_DMA
                0x00000000       0x72 Drivers\STM32F0xx_HAL_Driver\Src\stm32f0xx_hal_i2c.o
 .text.I2C_ITMasterCplt
                0x00000000       0xb4 Drivers\STM32F0xx_HAL_Driver\Src\stm32f0xx_hal_i2c.o
 .text.I2C_Master_ISR_IT
                0x00000000      0x12c Drivers\STM32F0xx_HAL_Driver\Src\stm32f0xx_hal_i2c.o
 .text.I2C_Master_ISR_DMA
                0x00000000       0xc6 Drivers\STM32F0xx_HAL_Driver\Src\stm32f0xx_hal_i2c.o
 .text.I2C_DMAError
                0x00000000       0x18 Drivers\STM32F0xx_HAL_Driver\Src\stm32f0xx_hal_i2c.o
 .text.HAL_I2C_ER_IRQHandler
                0x00000000       0x5a Drivers\STM32F0xx_HAL_Driver\Src\stm32f0xx_hal_i2c.o
 .text.I2C_DMAAbort
                0x00000000       0x34 Drivers\STM32F0xx_HAL_Driver\Src\stm32f0xx_hal_i2c.o
 .text.HAL_I2C_GetState
                0x00000000        0x8 Drivers\STM32F0xx_HAL_Driver\Src\stm32f0xx_hal_i2c.o
 .text.HAL_I2C_GetMode
                0x00000000        0x8 Drivers\STM32F0xx_HAL_Driver\Src\stm32f0xx_hal_i2c.o
 .text.HAL_I2C_GetError
                0x00000000        0x4 Drivers\STM32F0xx_HAL_Driver\Src\stm32f0xx_hal_i2c.o
 .debug_info    0x00000000     0x3946 Drivers\STM32F0xx_HAL_Driver\Src\stm32f0xx_hal_i2c.o
 .debug_abbrev  0x00000000      0x38c Drivers\STM32F0xx_HAL_Driver\Src\stm32f0xx_hal_i2c.o
 .debug_loc     0x00000000     0x329e Drivers\STM32F0xx_HAL_Driver\Src\stm32f0xx_hal_i2c.o
 .debug_aranges
                0x00000000      0x200 Drivers\STM32F0xx_HAL_Driver\Src\stm32f0xx_hal_i2c.o
 .debug_ranges  0x00000000      0x280 Drivers\STM32F0xx_HAL_Driver\Src\stm32f0xx_hal_i2c.o
 .debug_line    0x00000000     0x162d Drivers\STM32F0xx_HAL_Driver\Src\stm32f0xx_hal_i2c.o
 .debug_str     0x00000000     0x12ef Drivers\STM32F0xx_HAL_Driver\Src\stm32f0xx_hal_i2c.o
 .comment       0x00000000       0x7d Drivers\STM32F0xx_HAL_Driver\Src\stm32f0xx_hal_i2c.o
 .debug_frame   0x00000000      0x794 Drivers\STM32F0xx_HAL_Driver\Src\stm32f0xx_hal_i2c.o
 .ARM.attributes
                0x00000000       0x31 Drivers\STM32F0xx_HAL_Driver\Src\stm32f0xx_hal_i2c.o
 .text          0x00000000        0x0 Drivers\STM32F0xx_HAL_Driver\Src\stm32f0xx_hal_i2c_ex.o
 .data          0x00000000        0x0 Drivers\STM32F0xx_HAL_Driver\Src\stm32f0xx_hal_i2c_ex.o
 .bss           0x00000000        0x0 Drivers\STM32F0xx_HAL_Driver\Src\stm32f0xx_hal_i2c_ex.o
 .text.HAL_I2CEx_ConfigAnalogFilter
                0x00000000       0x4c Drivers\STM32F0xx_HAL_Driver\Src\stm32f0xx_hal_i2c_ex.o
 .text.HAL_I2CEx_ConfigDigitalFilter
                0x00000000       0x48 Drivers\STM32F0xx_HAL_Driver\Src\stm32f0xx_hal_i2c_ex.o
 .text.HAL_I2CEx_EnableWakeUp
                0x00000000       0x42 Drivers\STM32F0xx_HAL_Driver\Src\stm32f0xx_hal_i2c_ex.o
 .text.HAL_I2CEx_DisableWakeUp
                0x00000000       0x44 Drivers\STM32F0xx_HAL_Driver\Src\stm32f0xx_hal_i2c_ex.o
 .text.HAL_I2CEx_EnableFastModePlus
                0x00000000       0x28 Drivers\STM32F0xx_HAL_Driver\Src\stm32f0xx_hal_i2c_ex.o
 .text.HAL_I2CEx_DisableFastModePlus
                0x00000000       0x28 Drivers\STM32F0xx_HAL_Driver\Src\stm32f0xx_hal_i2c_ex.o
 .debug_info    0x00000000     0x1081 Drivers\STM32F0xx_HAL_Driver\Src\stm32f0xx_hal_i2c_ex.o
 .debug_abbrev  0x00000000      0x227 Drivers\STM32F0xx_HAL_Driver\Src\stm32f0xx_hal_i2c_ex.o
 .debug_loc     0x00000000      0x1c8 Drivers\STM32F0xx_HAL_Driver\Src\stm32f0xx_hal_i2c_ex.o
 .debug_aranges
                0x00000000       0x48 Drivers\STM32F0xx_HAL_Driver\Src\stm32f0xx_hal_i2c_ex.o
 .debug_ranges  0x00000000       0x78 Drivers\STM32F0xx_HAL_Driver\Src\stm32f0xx_hal_i2c_ex.o
 .debug_line    0x00000000      0x402 Drivers\STM32F0xx_HAL_Driver\Src\stm32f0xx_hal_i2c_ex.o
 .debug_str     0x00000000      0xc55 Drivers\STM32F0xx_HAL_Driver\Src\stm32f0xx_hal_i2c_ex.o
 .comment       0x00000000       0x7d Drivers\STM32F0xx_HAL_Driver\Src\stm32f0xx_hal_i2c_ex.o
 .debug_frame   0x00000000       0xc0 Drivers\STM32F0xx_HAL_Driver\Src\stm32f0xx_hal_i2c_ex.o
 .ARM.attributes
                0x00000000       0x31 Drivers\STM32F0xx_HAL_Driver\Src\stm32f0xx_hal_i2c_ex.o
 .text          0x00000000        0x0 Drivers\STM32F0xx_HAL_Driver\Src\stm32f0xx_hal_pwr.o
 .data          0x00000000        0x0 Drivers\STM32F0xx_HAL_Driver\Src\stm32f0xx_hal_pwr.o
 .bss           0x00000000        0x0 Drivers\STM32F0xx_HAL_Driver\Src\stm32f0xx_hal_pwr.o
 .text.HAL_PWR_DeInit
                0x00000000       0x20 Drivers\STM32F0xx_HAL_Driver\Src\stm32f0xx_hal_pwr.o
 .text.HAL_PWR_EnableBkUpAccess
                0x00000000       0x14 Drivers\STM32F0xx_HAL_Driver\Src\stm32f0xx_hal_pwr.o
 .text.HAL_PWR_DisableBkUpAccess
                0x00000000       0x14 Drivers\STM32F0xx_HAL_Driver\Src\stm32f0xx_hal_pwr.o
 .text.HAL_PWR_EnableWakeUpPin
                0x00000000       0x10 Drivers\STM32F0xx_HAL_Driver\Src\stm32f0xx_hal_pwr.o
 .text.HAL_PWR_DisableWakeUpPin
                0x00000000       0x10 Drivers\STM32F0xx_HAL_Driver\Src\stm32f0xx_hal_pwr.o
 .text.HAL_PWR_EnterSLEEPMode
                0x00000000       0x20 Drivers\STM32F0xx_HAL_Driver\Src\stm32f0xx_hal_pwr.o
 .text.HAL_PWR_EnterSTOPMode
                0x00000000       0x38 Drivers\STM32F0xx_HAL_Driver\Src\stm32f0xx_hal_pwr.o
 .text.HAL_PWR_EnterSTANDBYMode
                0x00000000       0x20 Drivers\STM32F0xx_HAL_Driver\Src\stm32f0xx_hal_pwr.o
 .text.HAL_PWR_EnableSleepOnExit
                0x00000000       0x10 Drivers\STM32F0xx_HAL_Driver\Src\stm32f0xx_hal_pwr.o
 .text.HAL_PWR_DisableSleepOnExit
                0x00000000       0x10 Drivers\STM32F0xx_HAL_Driver\Src\stm32f0xx_hal_pwr.o
 .text.HAL_PWR_EnableSEVOnPend
                0x00000000       0x10 Drivers\STM32F0xx_HAL_Driver\Src\stm32f0xx_hal_pwr.o
 .text.HAL_PWR_DisableSEVOnPend
                0x00000000       0x10 Drivers\STM32F0xx_HAL_Driver\Src\stm32f0xx_hal_pwr.o
 .debug_info    0x00000000      0xcaf Drivers\STM32F0xx_HAL_Driver\Src\stm32f0xx_hal_pwr.o
 .debug_abbrev  0x00000000      0x22b Drivers\STM32F0xx_HAL_Driver\Src\stm32f0xx_hal_pwr.o
 .debug_loc     0x00000000       0xc8 Drivers\STM32F0xx_HAL_Driver\Src\stm32f0xx_hal_pwr.o
 .debug_aranges
                0x00000000       0x78 Drivers\STM32F0xx_HAL_Driver\Src\stm32f0xx_hal_pwr.o
 .debug_ranges  0x00000000       0x68 Drivers\STM32F0xx_HAL_Driver\Src\stm32f0xx_hal_pwr.o
 .debug_line    0x00000000      0x388 Drivers\STM32F0xx_HAL_Driver\Src\stm32f0xx_hal_pwr.o
 .debug_str     0x00000000      0x832 Drivers\STM32F0xx_HAL_Driver\Src\stm32f0xx_hal_pwr.o
 .comment       0x00000000       0x7d Drivers\STM32F0xx_HAL_Driver\Src\stm32f0xx_hal_pwr.o
 .debug_frame   0x00000000       0xd8 Drivers\STM32F0xx_HAL_Driver\Src\stm32f0xx_hal_pwr.o
 .ARM.attributes
                0x00000000       0x31 Drivers\STM32F0xx_HAL_Driver\Src\stm32f0xx_hal_pwr.o
 .text          0x00000000        0x0 Drivers\STM32F0xx_HAL_Driver\Src\stm32f0xx_hal_pwr_ex.o
 .data          0x00000000        0x0 Drivers\STM32F0xx_HAL_Driver\Src\stm32f0xx_hal_pwr_ex.o
 .bss           0x00000000        0x0 Drivers\STM32F0xx_HAL_Driver\Src\stm32f0xx_hal_pwr_ex.o
 .text.HAL_PWR_ConfigPVD
                0x00000000       0x74 Drivers\STM32F0xx_HAL_Driver\Src\stm32f0xx_hal_pwr_ex.o
 .text.HAL_PWR_EnablePVD
                0x00000000       0x10 Drivers\STM32F0xx_HAL_Driver\Src\stm32f0xx_hal_pwr_ex.o
 .text.HAL_PWR_DisablePVD
                0x00000000       0x10 Drivers\STM32F0xx_HAL_Driver\Src\stm32f0xx_hal_pwr_ex.o
 .text.HAL_PWR_PVDCallback
                0x00000000        0x2 Drivers\STM32F0xx_HAL_Driver\Src\stm32f0xx_hal_pwr_ex.o
 .text.HAL_PWR_PVD_IRQHandler
                0x00000000       0x1c Drivers\STM32F0xx_HAL_Driver\Src\stm32f0xx_hal_pwr_ex.o
 .text.HAL_PWREx_EnableVddio2Monitor
                0x00000000       0x18 Drivers\STM32F0xx_HAL_Driver\Src\stm32f0xx_hal_pwr_ex.o
 .text.HAL_PWREx_DisableVddio2Monitor
                0x00000000       0x20 Drivers\STM32F0xx_HAL_Driver\Src\stm32f0xx_hal_pwr_ex.o
 .text.HAL_PWREx_Vddio2MonitorCallback
                0x00000000        0x2 Drivers\STM32F0xx_HAL_Driver\Src\stm32f0xx_hal_pwr_ex.o
 .text.HAL_PWREx_Vddio2Monitor_IRQHandler
                0x00000000       0x1c Drivers\STM32F0xx_HAL_Driver\Src\stm32f0xx_hal_pwr_ex.o
 .debug_info    0x00000000      0xab0 Drivers\STM32F0xx_HAL_Driver\Src\stm32f0xx_hal_pwr_ex.o
 .debug_abbrev  0x00000000      0x20a Drivers\STM32F0xx_HAL_Driver\Src\stm32f0xx_hal_pwr_ex.o
 .debug_loc     0x00000000       0x21 Drivers\STM32F0xx_HAL_Driver\Src\stm32f0xx_hal_pwr_ex.o
 .debug_aranges
                0x00000000       0x58 Drivers\STM32F0xx_HAL_Driver\Src\stm32f0xx_hal_pwr_ex.o
 .debug_ranges  0x00000000       0x48 Drivers\STM32F0xx_HAL_Driver\Src\stm32f0xx_hal_pwr_ex.o
 .debug_line    0x00000000      0x323 Drivers\STM32F0xx_HAL_Driver\Src\stm32f0xx_hal_pwr_ex.o
 .debug_str     0x00000000      0x779 Drivers\STM32F0xx_HAL_Driver\Src\stm32f0xx_hal_pwr_ex.o
 .comment       0x00000000       0x7d Drivers\STM32F0xx_HAL_Driver\Src\stm32f0xx_hal_pwr_ex.o
 .debug_frame   0x00000000       0xb4 Drivers\STM32F0xx_HAL_Driver\Src\stm32f0xx_hal_pwr_ex.o
 .ARM.attributes
                0x00000000       0x31 Drivers\STM32F0xx_HAL_Driver\Src\stm32f0xx_hal_pwr_ex.o
 .text          0x00000000        0x0 Drivers\STM32F0xx_HAL_Driver\Src\stm32f0xx_hal_rcc.o
 .data          0x00000000        0x0 Drivers\STM32F0xx_HAL_Driver\Src\stm32f0xx_hal_rcc.o
 .bss           0x00000000        0x0 Drivers\STM32F0xx_HAL_Driver\Src\stm32f0xx_hal_rcc.o
 .text.HAL_RCC_DeInit
                0x00000000       0x4c Drivers\STM32F0xx_HAL_Driver\Src\stm32f0xx_hal_rcc.o
 .text.HAL_RCC_MCOConfig
                0x00000000       0x54 Drivers\STM32F0xx_HAL_Driver\Src\stm32f0xx_hal_rcc.o
 .text.HAL_RCC_EnableCSS
                0x00000000       0x14 Drivers\STM32F0xx_HAL_Driver\Src\stm32f0xx_hal_rcc.o
 .text.HAL_RCC_DisableCSS
                0x00000000       0x14 Drivers\STM32F0xx_HAL_Driver\Src\stm32f0xx_hal_rcc.o
 .text.HAL_RCC_GetPCLK1Freq
                0x00000000       0x20 Drivers\STM32F0xx_HAL_Driver\Src\stm32f0xx_hal_rcc.o
 .text.HAL_RCC_GetOscConfig
                0x00000000       0xa8 Drivers\STM32F0xx_HAL_Driver\Src\stm32f0xx_hal_rcc.o
 .text.HAL_RCC_GetClockConfig
                0x00000000       0x38 Drivers\STM32F0xx_HAL_Driver\Src\stm32f0xx_hal_rcc.o
 .text.HAL_RCC_CSSCallback
                0x00000000        0x2 Drivers\STM32F0xx_HAL_Driver\Src\stm32f0xx_hal_rcc.o
 .text.HAL_RCC_NMI_IRQHandler
                0x00000000       0x20 Drivers\STM32F0xx_HAL_Driver\Src\stm32f0xx_hal_rcc.o
 .text          0x00000000        0x0 Drivers\STM32F0xx_HAL_Driver\Src\stm32f0xx_hal_rcc_ex.o
 .data          0x00000000        0x0 Drivers\STM32F0xx_HAL_Driver\Src\stm32f0xx_hal_rcc_ex.o
 .bss           0x00000000        0x0 Drivers\STM32F0xx_HAL_Driver\Src\stm32f0xx_hal_rcc_ex.o
 .text.HAL_RCCEx_PeriphCLKConfig
                0x00000000      0x12c Drivers\STM32F0xx_HAL_Driver\Src\stm32f0xx_hal_rcc_ex.o
 .text.HAL_RCCEx_GetPeriphCLKConfig
                0x00000000       0x3c Drivers\STM32F0xx_HAL_Driver\Src\stm32f0xx_hal_rcc_ex.o
 .text.HAL_RCCEx_GetPeriphCLKFreq
                0x00000000      0x128 Drivers\STM32F0xx_HAL_Driver\Src\stm32f0xx_hal_rcc_ex.o
 .text.HAL_RCCEx_CRSConfig
                0x00000000       0x54 Drivers\STM32F0xx_HAL_Driver\Src\stm32f0xx_hal_rcc_ex.o
 .text.HAL_RCCEx_CRSSoftwareSynchronizationGenerate
                0x00000000       0x10 Drivers\STM32F0xx_HAL_Driver\Src\stm32f0xx_hal_rcc_ex.o
 .text.HAL_RCCEx_CRSGetSynchronizationInfo
                0x00000000       0x28 Drivers\STM32F0xx_HAL_Driver\Src\stm32f0xx_hal_rcc_ex.o
 .text.HAL_RCCEx_CRSWaitSynchronization
                0x00000000       0x7c Drivers\STM32F0xx_HAL_Driver\Src\stm32f0xx_hal_rcc_ex.o
 .text.HAL_RCCEx_CRS_SyncOkCallback
                0x00000000        0x2 Drivers\STM32F0xx_HAL_Driver\Src\stm32f0xx_hal_rcc_ex.o
 .text.HAL_RCCEx_CRS_SyncWarnCallback
                0x00000000        0x2 Drivers\STM32F0xx_HAL_Driver\Src\stm32f0xx_hal_rcc_ex.o
 .text.HAL_RCCEx_CRS_ExpectedSyncCallback
                0x00000000        0x2 Drivers\STM32F0xx_HAL_Driver\Src\stm32f0xx_hal_rcc_ex.o
 .text.HAL_RCCEx_CRS_ErrorCallback
                0x00000000        0x2 Drivers\STM32F0xx_HAL_Driver\Src\stm32f0xx_hal_rcc_ex.o
 .text.HAL_RCCEx_CRS_IRQHandler
                0x00000000       0x70 Drivers\STM32F0xx_HAL_Driver\Src\stm32f0xx_hal_rcc_ex.o
 .debug_info    0x00000000      0xebc Drivers\STM32F0xx_HAL_Driver\Src\stm32f0xx_hal_rcc_ex.o
 .debug_abbrev  0x00000000      0x2cc Drivers\STM32F0xx_HAL_Driver\Src\stm32f0xx_hal_rcc_ex.o
 .debug_loc     0x00000000      0x552 Drivers\STM32F0xx_HAL_Driver\Src\stm32f0xx_hal_rcc_ex.o
 .debug_aranges
                0x00000000       0x68 Drivers\STM32F0xx_HAL_Driver\Src\stm32f0xx_hal_rcc_ex.o
 .debug_ranges  0x00000000       0x78 Drivers\STM32F0xx_HAL_Driver\Src\stm32f0xx_hal_rcc_ex.o
 .debug_line    0x00000000      0x512 Drivers\STM32F0xx_HAL_Driver\Src\stm32f0xx_hal_rcc_ex.o
 .debug_str     0x00000000      0xa7e Drivers\STM32F0xx_HAL_Driver\Src\stm32f0xx_hal_rcc_ex.o
 .comment       0x00000000       0x7d Drivers\STM32F0xx_HAL_Driver\Src\stm32f0xx_hal_rcc_ex.o
 .debug_frame   0x00000000      0x108 Drivers\STM32F0xx_HAL_Driver\Src\stm32f0xx_hal_rcc_ex.o
 .ARM.attributes
                0x00000000       0x31 Drivers\STM32F0xx_HAL_Driver\Src\stm32f0xx_hal_rcc_ex.o
 .text          0x00000000        0x0 Drivers\STM32F0xx_HAL_Driver\Src\stm32f0xx_hal_spi.o
 .data          0x00000000        0x0 Drivers\STM32F0xx_HAL_Driver\Src\stm32f0xx_hal_spi.o
 .bss           0x00000000        0x0 Drivers\STM32F0xx_HAL_Driver\Src\stm32f0xx_hal_spi.o
 .text.SPI_AbortRx_ISR
                0x00000000       0x80 Drivers\STM32F0xx_HAL_Driver\Src\stm32f0xx_hal_spi.o
 .text.SPI_AbortTx_ISR
                0x00000000       0x84 Drivers\STM32F0xx_HAL_Driver\Src\stm32f0xx_hal_spi.o
 .text.SPI_EndRxTransaction
                0x00000000       0x7a Drivers\STM32F0xx_HAL_Driver\Src\stm32f0xx_hal_spi.o
 .text.HAL_SPI_MspInit
                0x00000000        0x2 Drivers\STM32F0xx_HAL_Driver\Src\stm32f0xx_hal_spi.o
 .text.HAL_SPI_MspDeInit
                0x00000000        0x2 Drivers\STM32F0xx_HAL_Driver\Src\stm32f0xx_hal_spi.o
 .text.HAL_SPI_DeInit
                0x00000000       0x2e Drivers\STM32F0xx_HAL_Driver\Src\stm32f0xx_hal_spi.o
 .text.HAL_SPI_TransmitReceive
                0x00000000      0x268 Drivers\STM32F0xx_HAL_Driver\Src\stm32f0xx_hal_spi.o
 .text.HAL_SPI_Receive
                0x00000000      0x17c Drivers\STM32F0xx_HAL_Driver\Src\stm32f0xx_hal_spi.o
 .text.HAL_SPI_Transmit_IT
                0x00000000       0x94 Drivers\STM32F0xx_HAL_Driver\Src\stm32f0xx_hal_spi.o
 .text.HAL_SPI_TransmitReceive_IT
                0x00000000       0xdc Drivers\STM32F0xx_HAL_Driver\Src\stm32f0xx_hal_spi.o
 .text.HAL_SPI_Receive_IT
                0x00000000       0xd4 Drivers\STM32F0xx_HAL_Driver\Src\stm32f0xx_hal_spi.o
 .text.HAL_SPI_Transmit_DMA
                0x00000000       0xf0 Drivers\STM32F0xx_HAL_Driver\Src\stm32f0xx_hal_spi.o
 .text.HAL_SPI_TransmitReceive_DMA
                0x00000000      0x1a0 Drivers\STM32F0xx_HAL_Driver\Src\stm32f0xx_hal_spi.o
 .text.HAL_SPI_Receive_DMA
                0x00000000      0x140 Drivers\STM32F0xx_HAL_Driver\Src\stm32f0xx_hal_spi.o
 .text.HAL_SPI_Abort
                0x00000000      0x180 Drivers\STM32F0xx_HAL_Driver\Src\stm32f0xx_hal_spi.o
 .text.HAL_SPI_DMAPause
                0x00000000       0x1e Drivers\STM32F0xx_HAL_Driver\Src\stm32f0xx_hal_spi.o
 .text.HAL_SPI_DMAResume
                0x00000000       0x1e Drivers\STM32F0xx_HAL_Driver\Src\stm32f0xx_hal_spi.o
 .text.HAL_SPI_DMAStop
                0x00000000       0x2c Drivers\STM32F0xx_HAL_Driver\Src\stm32f0xx_hal_spi.o
 .text.HAL_SPI_TxCpltCallback
                0x00000000        0x2 Drivers\STM32F0xx_HAL_Driver\Src\stm32f0xx_hal_spi.o
 .text.HAL_SPI_RxCpltCallback
                0x00000000        0x2 Drivers\STM32F0xx_HAL_Driver\Src\stm32f0xx_hal_spi.o
 .text.HAL_SPI_TxRxCpltCallback
                0x00000000        0x2 Drivers\STM32F0xx_HAL_Driver\Src\stm32f0xx_hal_spi.o
 .text.HAL_SPI_TxHalfCpltCallback
                0x00000000        0x2 Drivers\STM32F0xx_HAL_Driver\Src\stm32f0xx_hal_spi.o
 .text.SPI_DMAHalfTransmitCplt
                0x00000000        0xa Drivers\STM32F0xx_HAL_Driver\Src\stm32f0xx_hal_spi.o
 .text.HAL_SPI_RxHalfCpltCallback
                0x00000000        0x2 Drivers\STM32F0xx_HAL_Driver\Src\stm32f0xx_hal_spi.o
 .text.SPI_DMAHalfReceiveCplt
                0x00000000        0xa Drivers\STM32F0xx_HAL_Driver\Src\stm32f0xx_hal_spi.o
 .text.HAL_SPI_TxRxHalfCpltCallback
                0x00000000        0x2 Drivers\STM32F0xx_HAL_Driver\Src\stm32f0xx_hal_spi.o
 .text.SPI_DMAHalfTransmitReceiveCplt
                0x00000000        0xa Drivers\STM32F0xx_HAL_Driver\Src\stm32f0xx_hal_spi.o
 .text.HAL_SPI_ErrorCallback
                0x00000000        0x2 Drivers\STM32F0xx_HAL_Driver\Src\stm32f0xx_hal_spi.o
 .text.SPI_CloseTx_ISR
                0x00000000       0x58 Drivers\STM32F0xx_HAL_Driver\Src\stm32f0xx_hal_spi.o
 .text.SPI_TxISR_8BIT
                0x00000000       0x22 Drivers\STM32F0xx_HAL_Driver\Src\stm32f0xx_hal_spi.o
 .text.SPI_TxISR_16BIT
                0x00000000       0x22 Drivers\STM32F0xx_HAL_Driver\Src\stm32f0xx_hal_spi.o
 .text.SPI_CloseRx_ISR
                0x00000000       0x44 Drivers\STM32F0xx_HAL_Driver\Src\stm32f0xx_hal_spi.o
 .text.SPI_RxISR_8BIT
                0x00000000       0x26 Drivers\STM32F0xx_HAL_Driver\Src\stm32f0xx_hal_spi.o
 .text.SPI_RxISR_16BIT
                0x00000000       0x26 Drivers\STM32F0xx_HAL_Driver\Src\stm32f0xx_hal_spi.o
 .text.SPI_CloseRxTx_ISR
                0x00000000       0x54 Drivers\STM32F0xx_HAL_Driver\Src\stm32f0xx_hal_spi.o
 .text.SPI_2linesTxISR_8BIT
                0x00000000       0x4a Drivers\STM32F0xx_HAL_Driver\Src\stm32f0xx_hal_spi.o
 .text.SPI_2linesRxISR_8BIT
                0x00000000       0x5e Drivers\STM32F0xx_HAL_Driver\Src\stm32f0xx_hal_spi.o
 .text.SPI_2linesTxISR_16BIT
                0x00000000       0x34 Drivers\STM32F0xx_HAL_Driver\Src\stm32f0xx_hal_spi.o
 .text.SPI_2linesRxISR_16BIT
                0x00000000       0x34 Drivers\STM32F0xx_HAL_Driver\Src\stm32f0xx_hal_spi.o
 .text.SPI_DMAError
                0x00000000       0x24 Drivers\STM32F0xx_HAL_Driver\Src\stm32f0xx_hal_spi.o
 .text.SPI_DMATransmitCplt
                0x00000000       0x6e Drivers\STM32F0xx_HAL_Driver\Src\stm32f0xx_hal_spi.o
 .text.SPI_DMAReceiveCplt
                0x00000000       0x58 Drivers\STM32F0xx_HAL_Driver\Src\stm32f0xx_hal_spi.o
 .text.SPI_DMATransmitReceiveCplt
                0x00000000       0x62 Drivers\STM32F0xx_HAL_Driver\Src\stm32f0xx_hal_spi.o
 .text.HAL_SPI_IRQHandler
                0x00000000       0xf0 Drivers\STM32F0xx_HAL_Driver\Src\stm32f0xx_hal_spi.o
 .text.SPI_DMAAbortOnError
                0x00000000       0x14 Drivers\STM32F0xx_HAL_Driver\Src\stm32f0xx_hal_spi.o
 .text.HAL_SPI_AbortCpltCallback
                0x00000000        0x2 Drivers\STM32F0xx_HAL_Driver\Src\stm32f0xx_hal_spi.o
 .text.HAL_SPI_Abort_IT
                0x00000000      0x188 Drivers\STM32F0xx_HAL_Driver\Src\stm32f0xx_hal_spi.o
 .text.SPI_DMARxAbortCallback
                0x00000000       0x8e Drivers\STM32F0xx_HAL_Driver\Src\stm32f0xx_hal_spi.o
 .text.SPI_DMATxAbortCallback
                0x00000000       0x90 Drivers\STM32F0xx_HAL_Driver\Src\stm32f0xx_hal_spi.o
 .text.HAL_SPI_GetState
                0x00000000        0x8 Drivers\STM32F0xx_HAL_Driver\Src\stm32f0xx_hal_spi.o
 .text.HAL_SPI_GetError
                0x00000000        0x4 Drivers\STM32F0xx_HAL_Driver\Src\stm32f0xx_hal_spi.o
 .text          0x00000000        0x0 Drivers\STM32F0xx_HAL_Driver\Src\stm32f0xx_hal_spi_ex.o
 .data          0x00000000        0x0 Drivers\STM32F0xx_HAL_Driver\Src\stm32f0xx_hal_spi_ex.o
 .bss           0x00000000        0x0 Drivers\STM32F0xx_HAL_Driver\Src\stm32f0xx_hal_spi_ex.o
 .text.HAL_SPIEx_FlushRxFifo
                0x00000000       0x26 Drivers\STM32F0xx_HAL_Driver\Src\stm32f0xx_hal_spi_ex.o
 .debug_info    0x00000000      0xe31 Drivers\STM32F0xx_HAL_Driver\Src\stm32f0xx_hal_spi_ex.o
 .debug_abbrev  0x00000000      0x1ce Drivers\STM32F0xx_HAL_Driver\Src\stm32f0xx_hal_spi_ex.o
 .debug_loc     0x00000000       0x53 Drivers\STM32F0xx_HAL_Driver\Src\stm32f0xx_hal_spi_ex.o
 .debug_aranges
                0x00000000       0x20 Drivers\STM32F0xx_HAL_Driver\Src\stm32f0xx_hal_spi_ex.o
 .debug_ranges  0x00000000       0x10 Drivers\STM32F0xx_HAL_Driver\Src\stm32f0xx_hal_spi_ex.o
 .debug_line    0x00000000      0x2b0 Drivers\STM32F0xx_HAL_Driver\Src\stm32f0xx_hal_spi_ex.o
 .debug_str     0x00000000      0xa82 Drivers\STM32F0xx_HAL_Driver\Src\stm32f0xx_hal_spi_ex.o
 .comment       0x00000000       0x7d Drivers\STM32F0xx_HAL_Driver\Src\stm32f0xx_hal_spi_ex.o
 .debug_frame   0x00000000       0x24 Drivers\STM32F0xx_HAL_Driver\Src\stm32f0xx_hal_spi_ex.o
 .ARM.attributes
                0x00000000       0x31 Drivers\STM32F0xx_HAL_Driver\Src\stm32f0xx_hal_spi_ex.o
 .text          0x00000000        0x0 Drivers\STM32F0xx_HAL_Driver\Src\stm32f0xx_hal_tim.o
 .data          0x00000000        0x0 Drivers\STM32F0xx_HAL_Driver\Src\stm32f0xx_hal_tim.o
 .bss           0x00000000        0x0 Drivers\STM32F0xx_HAL_Driver\Src\stm32f0xx_hal_tim.o
 .debug_info    0x00000000      0x900 Drivers\STM32F0xx_HAL_Driver\Src\stm32f0xx_hal_tim.o
 .debug_abbrev  0x00000000      0x155 Drivers\STM32F0xx_HAL_Driver\Src\stm32f0xx_hal_tim.o
 .debug_aranges
                0x00000000       0x18 Drivers\STM32F0xx_HAL_Driver\Src\stm32f0xx_hal_tim.o
 .debug_line    0x00000000      0x1dc Drivers\STM32F0xx_HAL_Driver\Src\stm32f0xx_hal_tim.o
 .debug_str     0x00000000      0x63d Drivers\STM32F0xx_HAL_Driver\Src\stm32f0xx_hal_tim.o
 .comment       0x00000000       0x7d Drivers\STM32F0xx_HAL_Driver\Src\stm32f0xx_hal_tim.o
 .ARM.attributes
                0x00000000       0x31 Drivers\STM32F0xx_HAL_Driver\Src\stm32f0xx_hal_tim.o
 .text          0x00000000        0x0 Drivers\STM32F0xx_HAL_Driver\Src\stm32f0xx_hal_tim_ex.o
 .data          0x00000000        0x0 Drivers\STM32F0xx_HAL_Driver\Src\stm32f0xx_hal_tim_ex.o
 .bss           0x00000000        0x0 Drivers\STM32F0xx_HAL_Driver\Src\stm32f0xx_hal_tim_ex.o
 .debug_info    0x00000000      0x900 Drivers\STM32F0xx_HAL_Driver\Src\stm32f0xx_hal_tim_ex.o
 .debug_abbrev  0x00000000      0x155 Drivers\STM32F0xx_HAL_Driver\Src\stm32f0xx_hal_tim_ex.o
 .debug_aranges
                0x00000000       0x18 Drivers\STM32F0xx_HAL_Driver\Src\stm32f0xx_hal_tim_ex.o
 .debug_line    0x00000000      0x1dc Drivers\STM32F0xx_HAL_Driver\Src\stm32f0xx_hal_tim_ex.o
 .debug_str     0x00000000      0x640 Drivers\STM32F0xx_HAL_Driver\Src\stm32f0xx_hal_tim_ex.o
 .comment       0x00000000       0x7d Drivers\STM32F0xx_HAL_Driver\Src\stm32f0xx_hal_tim_ex.o
 .ARM.attributes
                0x00000000       0x31 Drivers\STM32F0xx_HAL_Driver\Src\stm32f0xx_hal_tim_ex.o
 .text          0x00000000        0x0 Src\main.o
 .data          0x00000000        0x0 Src\main.o
 .bss           0x00000000        0x0 Src\main.o
 .text          0x00000000        0x0 Src\stm32f0xx_hal_msp.o
 .data          0x00000000        0x0 Src\stm32f0xx_hal_msp.o
 .bss           0x00000000        0x0 Src\stm32f0xx_hal_msp.o
 .text.HAL_CAN_MspDeInit
                0x00000000       0x34 Src\stm32f0xx_hal_msp.o
 .text.HAL_SPI_MspDeInit
                0x00000000       0x2c Src\stm32f0xx_hal_msp.o
 .text          0x00000000        0x0 Src\stm32f0xx_it.o
 .data          0x00000000        0x0 Src\stm32f0xx_it.o
 .bss           0x00000000        0x0 Src\stm32f0xx_it.o
 .text          0x00000000        0x0 Src\system_stm32f0xx.o
 .data          0x00000000        0x0 Src\system_stm32f0xx.o
 .bss           0x00000000        0x0 Src\system_stm32f0xx.o
 .text.SystemCoreClockUpdate
                0x00000000       0x74 Src\system_stm32f0xx.o
 .rodata.APBPrescTable
                0x00000000        0x8 Src\system_stm32f0xx.o
 .text          0x00000000       0x14 startup\startup_stm32f042x6.o
 .data          0x00000000        0x0 startup\startup_stm32f042x6.o
 .bss           0x00000000        0x0 startup\startup_stm32f042x6.o
 .text          0x00000000        0x0 c:/program files (x86)/atollic/truestudio for stm32 9.2.0/armtools/bin/../lib/gcc/arm-atollic-eabi/6.3.1/../../../../arm-atollic-eabi/lib/armv6-m\libc_nano.a(lib_a-init.o)
 .data          0x00000000        0x0 c:/program files (x86)/atollic/truestudio for stm32 9.2.0/armtools/bin/../lib/gcc/arm-atollic-eabi/6.3.1/../../../../arm-atollic-eabi/lib/armv6-m\libc_nano.a(lib_a-init.o)
 .bss           0x00000000        0x0 c:/program files (x86)/atollic/truestudio for stm32 9.2.0/armtools/bin/../lib/gcc/arm-atollic-eabi/6.3.1/../../../../arm-atollic-eabi/lib/armv6-m\libc_nano.a(lib_a-init.o)
 .text          0x00000000        0x0 c:/program files (x86)/atollic/truestudio for stm32 9.2.0/armtools/bin/../lib/gcc/arm-atollic-eabi/6.3.1/../../../../arm-atollic-eabi/lib/armv6-m\libc_nano.a(lib_a-memcpy-stub.o)
 .data          0x00000000        0x0 c:/program files (x86)/atollic/truestudio for stm32 9.2.0/armtools/bin/../lib/gcc/arm-atollic-eabi/6.3.1/../../../../arm-atollic-eabi/lib/armv6-m\libc_nano.a(lib_a-memcpy-stub.o)
 .bss           0x00000000        0x0 c:/program files (x86)/atollic/truestudio for stm32 9.2.0/armtools/bin/../lib/gcc/arm-atollic-eabi/6.3.1/../../../../arm-atollic-eabi/lib/armv6-m\libc_nano.a(lib_a-memcpy-stub.o)
 .text          0x00000000        0x0 c:/program files (x86)/atollic/truestudio for stm32 9.2.0/armtools/bin/../lib/gcc/arm-atollic-eabi/6.3.1/../../../../arm-atollic-eabi/lib/armv6-m\libc_nano.a(lib_a-memset.o)
 .data          0x00000000        0x0 c:/program files (x86)/atollic/truestudio for stm32 9.2.0/armtools/bin/../lib/gcc/arm-atollic-eabi/6.3.1/../../../../arm-atollic-eabi/lib/armv6-m\libc_nano.a(lib_a-memset.o)
 .bss           0x00000000        0x0 c:/program files (x86)/atollic/truestudio for stm32 9.2.0/armtools/bin/../lib/gcc/arm-atollic-eabi/6.3.1/../../../../arm-atollic-eabi/lib/armv6-m\libc_nano.a(lib_a-memset.o)
 .text          0x00000000       0x14 c:/program files (x86)/atollic/truestudio for stm32 9.2.0/armtools/bin/../lib/gcc/arm-atollic-eabi/6.3.1/armv6-m\libgcc.a(_thumb1_case_uqi.o)
 .data          0x00000000        0x0 c:/program files (x86)/atollic/truestudio for stm32 9.2.0/armtools/bin/../lib/gcc/arm-atollic-eabi/6.3.1/armv6-m\libgcc.a(_thumb1_case_uqi.o)
 .bss           0x00000000        0x0 c:/program files (x86)/atollic/truestudio for stm32 9.2.0/armtools/bin/../lib/gcc/arm-atollic-eabi/6.3.1/armv6-m\libgcc.a(_thumb1_case_uqi.o)
 .ARM.attributes
                0x00000000       0x1e c:/program files (x86)/atollic/truestudio for stm32 9.2.0/armtools/bin/../lib/gcc/arm-atollic-eabi/6.3.1/armv6-m\libgcc.a(_thumb1_case_uqi.o)
 .data          0x00000000        0x0 c:/program files (x86)/atollic/truestudio for stm32 9.2.0/armtools/bin/../lib/gcc/arm-atollic-eabi/6.3.1/armv6-m\libgcc.a(_udivsi3.o)
 .bss           0x00000000        0x0 c:/program files (x86)/atollic/truestudio for stm32 9.2.0/armtools/bin/../lib/gcc/arm-atollic-eabi/6.3.1/armv6-m\libgcc.a(_udivsi3.o)
 .data          0x00000000        0x0 c:/program files (x86)/atollic/truestudio for stm32 9.2.0/armtools/bin/../lib/gcc/arm-atollic-eabi/6.3.1/armv6-m\libgcc.a(_dvmd_tls.o)
 .bss           0x00000000        0x0 c:/program files (x86)/atollic/truestudio for stm32 9.2.0/armtools/bin/../lib/gcc/arm-atollic-eabi/6.3.1/armv6-m\libgcc.a(_dvmd_tls.o)
 .text          0x00000000       0x18 c:/program files (x86)/atollic/truestudio for stm32 9.2.0/armtools/bin/../lib/gcc/arm-atollic-eabi/6.3.1/armv6-m\libgcc.a(_lshrdi3.o)
 .data          0x00000000        0x0 c:/program files (x86)/atollic/truestudio for stm32 9.2.0/armtools/bin/../lib/gcc/arm-atollic-eabi/6.3.1/armv6-m\libgcc.a(_lshrdi3.o)
 .bss           0x00000000        0x0 c:/program files (x86)/atollic/truestudio for stm32 9.2.0/armtools/bin/../lib/gcc/arm-atollic-eabi/6.3.1/armv6-m\libgcc.a(_lshrdi3.o)
 .ARM.attributes
                0x00000000       0x1e c:/program files (x86)/atollic/truestudio for stm32 9.2.0/armtools/bin/../lib/gcc/arm-atollic-eabi/6.3.1/armv6-m\libgcc.a(_lshrdi3.o)
 .text          0x00000000        0x0 c:/program files (x86)/atollic/truestudio for stm32 9.2.0/armtools/bin/../lib/gcc/arm-atollic-eabi/6.3.1/armv6-m/crtend.o
 .data          0x00000000        0x0 c:/program files (x86)/atollic/truestudio for stm32 9.2.0/armtools/bin/../lib/gcc/arm-atollic-eabi/6.3.1/armv6-m/crtend.o
 .bss           0x00000000        0x0 c:/program files (x86)/atollic/truestudio for stm32 9.2.0/armtools/bin/../lib/gcc/arm-atollic-eabi/6.3.1/armv6-m/crtend.o
 .eh_frame      0x00000000        0x4 c:/program files (x86)/atollic/truestudio for stm32 9.2.0/armtools/bin/../lib/gcc/arm-atollic-eabi/6.3.1/armv6-m/crtend.o
 .ARM.attributes
                0x00000000       0x2c c:/program files (x86)/atollic/truestudio for stm32 9.2.0/armtools/bin/../lib/gcc/arm-atollic-eabi/6.3.1/armv6-m/crtend.o
 .text          0x00000000        0x0 c:/program files (x86)/atollic/truestudio for stm32 9.2.0/armtools/bin/../lib/gcc/arm-atollic-eabi/6.3.1/armv6-m/crtn.o
 .data          0x00000000        0x0 c:/program files (x86)/atollic/truestudio for stm32 9.2.0/armtools/bin/../lib/gcc/arm-atollic-eabi/6.3.1/armv6-m/crtn.o
 .bss           0x00000000        0x0 c:/program files (x86)/atollic/truestudio for stm32 9.2.0/armtools/bin/../lib/gcc/arm-atollic-eabi/6.3.1/armv6-m/crtn.o

Memory Configuration

Name             Origin             Length             Attributes
RAM              0x20000000         0x00001800         xrw
FLASH            0x08000000         0x00008000         xr
*default*        0x00000000         0xffffffff

Linker script and memory map

LOAD c:/program files (x86)/atollic/truestudio for stm32 9.2.0/armtools/bin/../lib/gcc/arm-atollic-eabi/6.3.1/armv6-m/crti.o
LOAD c:/program files (x86)/atollic/truestudio for stm32 9.2.0/armtools/bin/../lib/gcc/arm-atollic-eabi/6.3.1/armv6-m/crtbegin.o
LOAD Drivers\STM32F0xx_HAL_Driver\Src\stm32f0xx_hal.o
LOAD Drivers\STM32F0xx_HAL_Driver\Src\stm32f0xx_hal_can.o
LOAD Drivers\STM32F0xx_HAL_Driver\Src\stm32f0xx_hal_cortex.o
LOAD Drivers\STM32F0xx_HAL_Driver\Src\stm32f0xx_hal_dma.o
LOAD Drivers\STM32F0xx_HAL_Driver\Src\stm32f0xx_hal_flash.o
LOAD Drivers\STM32F0xx_HAL_Driver\Src\stm32f0xx_hal_flash_ex.o
LOAD Drivers\STM32F0xx_HAL_Driver\Src\stm32f0xx_hal_gpio.o
LOAD Drivers\STM32F0xx_HAL_Driver\Src\stm32f0xx_hal_i2c.o
LOAD Drivers\STM32F0xx_HAL_Driver\Src\stm32f0xx_hal_i2c_ex.o
LOAD Drivers\STM32F0xx_HAL_Driver\Src\stm32f0xx_hal_pwr.o
LOAD Drivers\STM32F0xx_HAL_Driver\Src\stm32f0xx_hal_pwr_ex.o
LOAD Drivers\STM32F0xx_HAL_Driver\Src\stm32f0xx_hal_rcc.o
LOAD Drivers\STM32F0xx_HAL_Driver\Src\stm32f0xx_hal_rcc_ex.o
LOAD Drivers\STM32F0xx_HAL_Driver\Src\stm32f0xx_hal_spi.o
LOAD Drivers\STM32F0xx_HAL_Driver\Src\stm32f0xx_hal_spi_ex.o
LOAD Drivers\STM32F0xx_HAL_Driver\Src\stm32f0xx_hal_tim.o
LOAD Drivers\STM32F0xx_HAL_Driver\Src\stm32f0xx_hal_tim_ex.o
LOAD Src\main.o
LOAD Src\stm32f0xx_hal_msp.o
LOAD Src\stm32f0xx_it.o
LOAD Src\system_stm32f0xx.o
LOAD startup\startup_stm32f042x6.o
                0x00000080                malloc_getpagesize_P = 0x80
START GROUP
LOAD c:/program files (x86)/atollic/truestudio for stm32 9.2.0/armtools/bin/../lib/gcc/arm-atollic-eabi/6.3.1/../../../../arm-atollic-eabi/lib/armv6-m\libc_nano.a
LOAD c:/program files (x86)/atollic/truestudio for stm32 9.2.0/armtools/bin/../lib/gcc/arm-atollic-eabi/6.3.1/../../../../arm-atollic-eabi/lib/armv6-m\libm.a
END GROUP
START GROUP
LOAD c:/program files (x86)/atollic/truestudio for stm32 9.2.0/armtools/bin/../lib/gcc/arm-atollic-eabi/6.3.1/armv6-m\libgcc.a
LOAD c:/program files (x86)/atollic/truestudio for stm32 9.2.0/armtools/bin/../lib/gcc/arm-atollic-eabi/6.3.1/../../../../arm-atollic-eabi/lib/armv6-m\libc_nano.a
END GROUP
START GROUP
LOAD c:/program files (x86)/atollic/truestudio for stm32 9.2.0/armtools/bin/../lib/gcc/arm-atollic-eabi/6.3.1/armv6-m\libgcc.a
LOAD c:/program files (x86)/atollic/truestudio for stm32 9.2.0/armtools/bin/../lib/gcc/arm-atollic-eabi/6.3.1/../../../../arm-atollic-eabi/lib/armv6-m\libc_nano.a
LOAD c:/program files (x86)/atollic/truestudio for stm32 9.2.0/armtools/bin/../lib/gcc/arm-atollic-eabi/6.3.1/../../../../arm-atollic-eabi/lib/armv6-m\libnosys.a
END GROUP
START GROUP
LOAD c:/program files (x86)/atollic/truestudio for stm32 9.2.0/armtools/bin/../lib/gcc/arm-atollic-eabi/6.3.1/armv6-m\libgcc.a
LOAD c:/program files (x86)/atollic/truestudio for stm32 9.2.0/armtools/bin/../lib/gcc/arm-atollic-eabi/6.3.1/../../../../arm-atollic-eabi/lib/armv6-m\libc_nano.a
LOAD c:/program files (x86)/atollic/truestudio for stm32 9.2.0/armtools/bin/../lib/gcc/arm-atollic-eabi/6.3.1/../../../../arm-atollic-eabi/lib/armv6-m\libnosys.a
END GROUP
LOAD c:/program files (x86)/atollic/truestudio for stm32 9.2.0/armtools/bin/../lib/gcc/arm-atollic-eabi/6.3.1/armv6-m/crtend.o
LOAD c:/program files (x86)/atollic/truestudio for stm32 9.2.0/armtools/bin/../lib/gcc/arm-atollic-eabi/6.3.1/armv6-m/crtn.o
                0x20001800                _estack = 0x20001800
                0x00000200                _Min_Heap_Size = 0x200
                0x00000400                _Min_Stack_Size = 0x400

.isr_vector     0x08000000       0xc0
                0x08000000                . = ALIGN (0x4)
 *(.isr_vector)
 .isr_vector    0x08000000       0xc0 startup\startup_stm32f042x6.o
                0x08000000                g_pfnVectors
                0x080000c0                . = ALIGN (0x4)

.text           0x080000c0     0x186c
                0x080000c0                . = ALIGN (0x4)
 *(.text)
 .text          0x080000c0       0x48 c:/program files (x86)/atollic/truestudio for stm32 9.2.0/armtools/bin/../lib/gcc/arm-atollic-eabi/6.3.1/armv6-m/crtbegin.o
 .text          0x08000108      0x114 c:/program files (x86)/atollic/truestudio for stm32 9.2.0/armtools/bin/../lib/gcc/arm-atollic-eabi/6.3.1/armv6-m\libgcc.a(_udivsi3.o)
                0x08000108                __aeabi_uidiv
                0x08000108                __udivsi3
                0x08000214                __aeabi_uidivmod
 .text          0x0800021c        0x4 c:/program files (x86)/atollic/truestudio for stm32 9.2.0/armtools/bin/../lib/gcc/arm-atollic-eabi/6.3.1/armv6-m\libgcc.a(_dvmd_tls.o)
                0x0800021c                __aeabi_idiv0
                0x0800021c                __aeabi_ldiv0
 *(.text*)
 .text.HAL_InitTick
                0x08000220       0x24 Drivers\STM32F0xx_HAL_Driver\Src\stm32f0xx_hal.o
                0x08000220                HAL_InitTick
 .text.HAL_Init
                0x08000244       0x20 Drivers\STM32F0xx_HAL_Driver\Src\stm32f0xx_hal.o
                0x08000244                HAL_Init
 .text.HAL_IncTick
                0x08000264       0x10 Drivers\STM32F0xx_HAL_Driver\Src\stm32f0xx_hal.o
                0x08000264                HAL_IncTick
 .text.HAL_GetTick
                0x08000274        0xc Drivers\STM32F0xx_HAL_Driver\Src\stm32f0xx_hal.o
                0x08000274                HAL_GetTick
 .text.HAL_CAN_Init
                0x08000280      0x13c Drivers\STM32F0xx_HAL_Driver\Src\stm32f0xx_hal_can.o
                0x08000280                HAL_CAN_Init
 .text.HAL_CAN_Receive_IT
                0x080003bc       0xbc Drivers\STM32F0xx_HAL_Driver\Src\stm32f0xx_hal_can.o
                0x080003bc                HAL_CAN_Receive_IT
 .text.HAL_CAN_TxCpltCallback
                0x08000478        0x2 Drivers\STM32F0xx_HAL_Driver\Src\stm32f0xx_hal_can.o
                0x08000478                HAL_CAN_TxCpltCallback
 *fill*         0x0800047a        0x2 
 .text.CAN_Receive_IT
                0x0800047c      0x10c Drivers\STM32F0xx_HAL_Driver\Src\stm32f0xx_hal_can.o
 .text.HAL_CAN_ErrorCallback
                0x08000588        0x2 Drivers\STM32F0xx_HAL_Driver\Src\stm32f0xx_hal_can.o
                0x08000588                HAL_CAN_ErrorCallback
 *fill*         0x0800058a        0x2 
 .text.HAL_CAN_IRQHandler
                0x0800058c      0x1e4 Drivers\STM32F0xx_HAL_Driver\Src\stm32f0xx_hal_can.o
                0x0800058c                HAL_CAN_IRQHandler
 .text.HAL_NVIC_SetPriority
                0x08000770       0x60 Drivers\STM32F0xx_HAL_Driver\Src\stm32f0xx_hal_cortex.o
                0x08000770                HAL_NVIC_SetPriority
 .text.HAL_NVIC_EnableIRQ
                0x080007d0       0x14 Drivers\STM32F0xx_HAL_Driver\Src\stm32f0xx_hal_cortex.o
                0x080007d0                HAL_NVIC_EnableIRQ
 .text.HAL_SYSTICK_Config
                0x080007e4       0x34 Drivers\STM32F0xx_HAL_Driver\Src\stm32f0xx_hal_cortex.o
                0x080007e4                HAL_SYSTICK_Config
 .text.HAL_GPIO_Init
                0x08000818      0x154 Drivers\STM32F0xx_HAL_Driver\Src\stm32f0xx_hal_gpio.o
                0x08000818                HAL_GPIO_Init
 .text.HAL_GPIO_WritePin
                0x0800096c        0xc Drivers\STM32F0xx_HAL_Driver\Src\stm32f0xx_hal_gpio.o
                0x0800096c                HAL_GPIO_WritePin
 .text.HAL_GPIO_TogglePin
                0x08000978        0x8 Drivers\STM32F0xx_HAL_Driver\Src\stm32f0xx_hal_gpio.o
                0x08000978                HAL_GPIO_TogglePin
 .text.HAL_RCC_OscConfig
                0x08000980      0x464 Drivers\STM32F0xx_HAL_Driver\Src\stm32f0xx_hal_rcc.o
                0x08000980                HAL_RCC_OscConfig
 .text.HAL_RCC_GetSysClockFreq
                0x08000de4       0x78 Drivers\STM32F0xx_HAL_Driver\Src\stm32f0xx_hal_rcc.o
                0x08000de4                HAL_RCC_GetSysClockFreq
 .text.HAL_RCC_ClockConfig
                0x08000e5c      0x15c Drivers\STM32F0xx_HAL_Driver\Src\stm32f0xx_hal_rcc.o
                0x08000e5c                HAL_RCC_ClockConfig
 .text.HAL_RCC_GetHCLKFreq
                0x08000fb8        0xc Drivers\STM32F0xx_HAL_Driver\Src\stm32f0xx_hal_rcc.o
                0x08000fb8                HAL_RCC_GetHCLKFreq
 .text.SPI_WaitFifoStateUntilTimeout.part.1
                0x08000fc4       0x60 Drivers\STM32F0xx_HAL_Driver\Src\stm32f0xx_hal_spi.o
 .text.SPI_WaitFlagStateUntilTimeout.constprop.9
                0x08001024       0x2e Drivers\STM32F0xx_HAL_Driver\Src\stm32f0xx_hal_spi.o
 .text.SPI_WaitFifoStateUntilTimeout.constprop.10
                0x08001052       0x48 Drivers\STM32F0xx_HAL_Driver\Src\stm32f0xx_hal_spi.o
 .text.SPI_EndRxTxTransaction
                0x0800109a       0x46 Drivers\STM32F0xx_HAL_Driver\Src\stm32f0xx_hal_spi.o
 .text.HAL_SPI_Init
                0x080010e0       0xbc Drivers\STM32F0xx_HAL_Driver\Src\stm32f0xx_hal_spi.o
                0x080010e0                HAL_SPI_Init
 .text.HAL_SPI_Transmit
                0x0800119c      0x1aa Drivers\STM32F0xx_HAL_Driver\Src\stm32f0xx_hal_spi.o
                0x0800119c                HAL_SPI_Transmit
 .text.nano_wait
                0x08001346        0xa Src\main.o
 .text.Error_Handler
                0x08001350       0x20 Src\main.o
                0x08001350                Error_Handler
 .text.SystemClock_Config
                0x08001370       0x4a Src\main.o
                0x08001370                SystemClock_Config
 *fill*         0x080013ba        0x2 
 .text.startup.main
                0x080013bc      0x16c Src\main.o
                0x080013bc                main
 .text.HAL_CAN_RxCpltCallback
                0x08001528      0x184 Src\main.o
                0x08001528                HAL_CAN_RxCpltCallback
 .text.HAL_MspInit
                0x080016ac       0x30 Src\stm32f0xx_hal_msp.o
                0x080016ac                HAL_MspInit
 .text.HAL_CAN_MspInit
                0x080016dc       0x78 Src\stm32f0xx_hal_msp.o
                0x080016dc                HAL_CAN_MspInit
 .text.HAL_SPI_MspInit
                0x08001754       0x60 Src\stm32f0xx_hal_msp.o
                0x08001754                HAL_SPI_MspInit
 .text.NMI_Handler
                0x080017b4        0x2 Src\stm32f0xx_it.o
                0x080017b4                NMI_Handler
 .text.HardFault_Handler
                0x080017b6        0x2 Src\stm32f0xx_it.o
                0x080017b6                HardFault_Handler
 .text.SVC_Handler
                0x080017b8        0x2 Src\stm32f0xx_it.o
                0x080017b8                SVC_Handler
 .text.PendSV_Handler
                0x080017ba        0x2 Src\stm32f0xx_it.o
                0x080017ba                PendSV_Handler
 .text.SysTick_Handler
                0x080017bc        0x8 Src\stm32f0xx_it.o
                0x080017bc                SysTick_Handler
 .text.CEC_CAN_IRQHandler
                0x080017c4       0x10 Src\stm32f0xx_it.o
                0x080017c4                CEC_CAN_IRQHandler
 .text.SystemInit
                0x080017d4       0x60 Src\system_stm32f0xx.o
                0x080017d4                SystemInit
 .text.Reset_Handler
                0x08001834       0x70 startup\startup_stm32f042x6.o
                0x08001834                Reset_Handler
 .text.Default_Handler
                0x080018a4        0x2 startup\startup_stm32f042x6.o
                0x080018a4                TIM1_CC_IRQHandler
                0x080018a4                TSC_IRQHandler
                0x080018a4                I2C1_IRQHandler
                0x080018a4                RCC_CRS_IRQHandler
                0x080018a4                SPI1_IRQHandler
                0x080018a4                EXTI2_3_IRQHandler
                0x080018a4                ADC1_IRQHandler
                0x080018a4                TIM17_IRQHandler
                0x080018a4                RTC_IRQHandler
                0x080018a4                PVD_VDDIO2_IRQHandler
                0x080018a4                TIM16_IRQHandler
                0x080018a4                TIM3_IRQHandler
                0x080018a4                EXTI4_15_IRQHandler
                0x080018a4                DMA1_Channel1_IRQHandler
                0x080018a4                Default_Handler
                0x080018a4                TIM14_IRQHandler
                0x080018a4                DMA1_Channel4_5_IRQHandler
                0x080018a4                EXTI0_1_IRQHandler
                0x080018a4                USB_IRQHandler
                0x080018a4                SPI2_IRQHandler
                0x080018a4                WWDG_IRQHandler
                0x080018a4                TIM2_IRQHandler
                0x080018a4                DMA1_Channel2_3_IRQHandler
                0x080018a4                USART2_IRQHandler
                0x080018a4                FLASH_IRQHandler
                0x080018a4                USART1_IRQHandler
                0x080018a4                TIM1_BRK_UP_TRG_COM_IRQHandler
 *fill*         0x080018a6        0x2 
 .text.__libc_init_array
                0x080018a8       0x48 c:/program files (x86)/atollic/truestudio for stm32 9.2.0/armtools/bin/../lib/gcc/arm-atollic-eabi/6.3.1/../../../../arm-atollic-eabi/lib/armv6-m\libc_nano.a(lib_a-init.o)
                0x080018a8                __libc_init_array
 .text.memcpy   0x080018f0       0x12 c:/program files (x86)/atollic/truestudio for stm32 9.2.0/armtools/bin/../lib/gcc/arm-atollic-eabi/6.3.1/../../../../arm-atollic-eabi/lib/armv6-m\libc_nano.a(lib_a-memcpy-stub.o)
                0x080018f0                memcpy
 .text.memset   0x08001902       0x10 c:/program files (x86)/atollic/truestudio for stm32 9.2.0/armtools/bin/../lib/gcc/arm-atollic-eabi/6.3.1/../../../../arm-atollic-eabi/lib/armv6-m\libc_nano.a(lib_a-memset.o)
                0x08001902                memset
 *(.glue_7)
 .glue_7        0x08001912        0x0 linker stubs
 *(.glue_7t)
 .glue_7t       0x08001912        0x0 linker stubs
 *(.eh_frame)
 *fill*         0x08001912        0x2 
 .eh_frame      0x08001914        0x0 c:/program files (x86)/atollic/truestudio for stm32 9.2.0/armtools/bin/../lib/gcc/arm-atollic-eabi/6.3.1/armv6-m/crtbegin.o
 *(.init)
 .init          0x08001914        0x4 c:/program files (x86)/atollic/truestudio for stm32 9.2.0/armtools/bin/../lib/gcc/arm-atollic-eabi/6.3.1/armv6-m/crti.o
                0x08001914                _init
 .init          0x08001918        0x8 c:/program files (x86)/atollic/truestudio for stm32 9.2.0/armtools/bin/../lib/gcc/arm-atollic-eabi/6.3.1/armv6-m/crtn.o
 *(.fini)
 .fini          0x08001920        0x4 c:/program files (x86)/atollic/truestudio for stm32 9.2.0/armtools/bin/../lib/gcc/arm-atollic-eabi/6.3.1/armv6-m/crti.o
                0x08001920                _fini
 .fini          0x08001924        0x8 c:/program files (x86)/atollic/truestudio for stm32 9.2.0/armtools/bin/../lib/gcc/arm-atollic-eabi/6.3.1/armv6-m/crtn.o
                0x0800192c                . = ALIGN (0x4)
                0x0800192c                _etext = .

.vfp11_veneer   0x0800192c        0x0
 .vfp11_veneer  0x0800192c        0x0 linker stubs

.v4_bx          0x0800192c        0x0
 .v4_bx         0x0800192c        0x0 linker stubs

.iplt           0x0800192c        0x0
 .iplt          0x0800192c        0x0 c:/program files (x86)/atollic/truestudio for stm32 9.2.0/armtools/bin/../lib/gcc/arm-atollic-eabi/6.3.1/armv6-m/crtbegin.o

.rodata         0x0800192c       0x30
                0x0800192c                . = ALIGN (0x4)
 *(.rodata)
 .rodata        0x0800192c       0x20 Drivers\STM32F0xx_HAL_Driver\Src\stm32f0xx_hal_rcc.o
 *(.rodata*)
 .rodata.AHBPrescTable
                0x0800194c       0x10 Src\system_stm32f0xx.o
                0x0800194c                AHBPrescTable
                0x0800195c                . = ALIGN (0x4)

.rel.dyn        0x0800195c        0x0
 .rel.iplt      0x0800195c        0x0 c:/program files (x86)/atollic/truestudio for stm32 9.2.0/armtools/bin/../lib/gcc/arm-atollic-eabi/6.3.1/armv6-m/crtbegin.o

.ARM.extab
 *(.ARM.extab* .gnu.linkonce.armextab.*)

.ARM            0x0800195c        0x0
                0x0800195c                __exidx_start = .
 *(.ARM.exidx*)
                0x0800195c                __exidx_end = .

.preinit_array  0x0800195c        0x0
                0x0800195c                PROVIDE (__preinit_array_start, .)
 *(.preinit_array*)
                0x0800195c                PROVIDE (__preinit_array_end, .)

.init_array     0x0800195c        0x4
                0x0800195c                PROVIDE (__init_array_start, .)
 *(SORT(.init_array.*))
 *(.init_array*)
 .init_array    0x0800195c        0x4 c:/program files (x86)/atollic/truestudio for stm32 9.2.0/armtools/bin/../lib/gcc/arm-atollic-eabi/6.3.1/armv6-m/crtbegin.o
                0x08001960                PROVIDE (__init_array_end, .)

.fini_array     0x08001960        0x4
                [!provide]                PROVIDE (__fini_array_start, .)
 *(SORT(.fini_array.*))
 *(.fini_array*)
 .fini_array    0x08001960        0x4 c:/program files (x86)/atollic/truestudio for stm32 9.2.0/armtools/bin/../lib/gcc/arm-atollic-eabi/6.3.1/armv6-m/crtbegin.o
                [!provide]                PROVIDE (__fini_array_end, .)
                0x08001964                _sidata = LOADADDR (.data)

.data           0x20000000        0x4 load address 0x08001964
                0x20000000                . = ALIGN (0x4)
                0x20000000                _sdata = .
 *(.data)
 *(.data*)
 .data.SystemCoreClock
                0x20000000        0x4 Src\system_stm32f0xx.o
                0x20000000                SystemCoreClock
                0x20000004                . = ALIGN (0x4)
                0x20000004                _edata = .

.igot.plt       0x20000004        0x0 load address 0x08001968
 .igot.plt      0x20000004        0x0 c:/program files (x86)/atollic/truestudio for stm32 9.2.0/armtools/bin/../lib/gcc/arm-atollic-eabi/6.3.1/armv6-m/crtbegin.o
                0x20000004                . = ALIGN (0x4)

.bss            0x20000004       0xd0 load address 0x08001968
                0x20000004                _sbss = .
                0x20000004                __bss_start__ = _sbss
 *(.bss)
 .bss           0x20000004       0x1c c:/program files (x86)/atollic/truestudio for stm32 9.2.0/armtools/bin/../lib/gcc/arm-atollic-eabi/6.3.1/armv6-m/crtbegin.o
 *(.bss*)
 .bss.SPI_USE   0x20000020        0x4 Src\main.o
                0x20000020                SPI_USE
 *(COMMON)
 COMMON         0x20000024        0x4 Drivers\STM32F0xx_HAL_Driver\Src\stm32f0xx_hal.o
                0x20000024                uwTick
 COMMON         0x20000028       0xac Src\main.o
                0x20000028                hcan
                0x2000006c                sol_byte
                0x20000070                hspi1
                0x200000d4                . = ALIGN (0x4)
                0x200000d4                _ebss = .
                0x200000d4                __bss_end__ = _ebss

._user_heap_stack
                0x200000d4      0x600 load address 0x08001968
                0x200000d4                . = ALIGN (0x4)
                [!provide]                PROVIDE (end, .)
                [!provide]                PROVIDE (_end, .)
                0x200002d4                . = (. + _Min_Heap_Size)
 *fill*         0x200000d4      0x200 
                0x200006d4                . = (. + _Min_Stack_Size)
 *fill*         0x200002d4      0x400 
                0x200006d4                . = ALIGN (0x4)

/DISCARD/
 libc.a(*)
 libm.a(*)
 libgcc.a(*)

.ARM.attributes
                0x00000000       0x28
 *(.ARM.attributes)
 .ARM.attributes
                0x00000000       0x1e c:/program files (x86)/atollic/truestudio for stm32 9.2.0/armtools/bin/../lib/gcc/arm-atollic-eabi/6.3.1/armv6-m/crti.o
 .ARM.attributes
                0x0000001e       0x2c c:/program files (x86)/atollic/truestudio for stm32 9.2.0/armtools/bin/../lib/gcc/arm-atollic-eabi/6.3.1/armv6-m/crtbegin.o
 .ARM.attributes
                0x0000004a       0x31 Drivers\STM32F0xx_HAL_Driver\Src\stm32f0xx_hal.o
 .ARM.attributes
                0x0000007b       0x31 Drivers\STM32F0xx_HAL_Driver\Src\stm32f0xx_hal_can.o
 .ARM.attributes
                0x000000ac       0x31 Drivers\STM32F0xx_HAL_Driver\Src\stm32f0xx_hal_cortex.o
 .ARM.attributes
                0x000000dd       0x31 Drivers\STM32F0xx_HAL_Driver\Src\stm32f0xx_hal_gpio.o
 .ARM.attributes
                0x0000010e       0x31 Drivers\STM32F0xx_HAL_Driver\Src\stm32f0xx_hal_rcc.o
 .ARM.attributes
                0x0000013f       0x31 Drivers\STM32F0xx_HAL_Driver\Src\stm32f0xx_hal_spi.o
 .ARM.attributes
                0x00000170       0x31 Src\main.o
 .ARM.attributes
                0x000001a1       0x31 Src\stm32f0xx_hal_msp.o
 .ARM.attributes
                0x000001d2       0x31 Src\stm32f0xx_it.o
 .ARM.attributes
                0x00000203       0x31 Src\system_stm32f0xx.o
 .ARM.attributes
                0x00000234       0x21 startup\startup_stm32f042x6.o
 .ARM.attributes
                0x00000255       0x2c c:/program files (x86)/atollic/truestudio for stm32 9.2.0/armtools/bin/../lib/gcc/arm-atollic-eabi/6.3.1/../../../../arm-atollic-eabi/lib/armv6-m\libc_nano.a(lib_a-init.o)
 .ARM.attributes
                0x00000281       0x2c c:/program files (x86)/atollic/truestudio for stm32 9.2.0/armtools/bin/../lib/gcc/arm-atollic-eabi/6.3.1/../../../../arm-atollic-eabi/lib/armv6-m\libc_nano.a(lib_a-memcpy-stub.o)
 .ARM.attributes
                0x000002ad       0x2c c:/program files (x86)/atollic/truestudio for stm32 9.2.0/armtools/bin/../lib/gcc/arm-atollic-eabi/6.3.1/../../../../arm-atollic-eabi/lib/armv6-m\libc_nano.a(lib_a-memset.o)
 .ARM.attributes
                0x000002d9       0x1e c:/program files (x86)/atollic/truestudio for stm32 9.2.0/armtools/bin/../lib/gcc/arm-atollic-eabi/6.3.1/armv6-m\libgcc.a(_udivsi3.o)
 .ARM.attributes
                0x000002f7       0x1e c:/program files (x86)/atollic/truestudio for stm32 9.2.0/armtools/bin/../lib/gcc/arm-atollic-eabi/6.3.1/armv6-m\libgcc.a(_dvmd_tls.o)
 .ARM.attributes
                0x00000315       0x1e c:/program files (x86)/atollic/truestudio for stm32 9.2.0/armtools/bin/../lib/gcc/arm-atollic-eabi/6.3.1/armv6-m/crtn.o
OUTPUT(Solenoid Board Embedded.elf elf32-littlearm)

.debug_info     0x00000000     0xc793
 .debug_info    0x00000000      0xe66 Drivers\STM32F0xx_HAL_Driver\Src\stm32f0xx_hal.o
 .debug_info    0x00000e66     0x13df Drivers\STM32F0xx_HAL_Driver\Src\stm32f0xx_hal_can.o
 .debug_info    0x00002245     0x1005 Drivers\STM32F0xx_HAL_Driver\Src\stm32f0xx_hal_cortex.o
 .debug_info    0x0000324a      0xe5b Drivers\STM32F0xx_HAL_Driver\Src\stm32f0xx_hal_gpio.o
 .debug_info    0x000040a5     0x11b6 Drivers\STM32F0xx_HAL_Driver\Src\stm32f0xx_hal_rcc.o
 .debug_info    0x0000525b     0x2778 Drivers\STM32F0xx_HAL_Driver\Src\stm32f0xx_hal_spi.o
 .debug_info    0x000079d3     0x1cef Src\main.o
 .debug_info    0x000096c2     0x1767 Src\stm32f0xx_hal_msp.o
 .debug_info    0x0000ae29      0xe69 Src\stm32f0xx_it.o
 .debug_info    0x0000bc92      0xa67 Src\system_stm32f0xx.o
 .debug_info    0x0000c6f9       0x9a startup\startup_stm32f042x6.o

.debug_abbrev   0x00000000     0x1b25
 .debug_abbrev  0x00000000      0x2d1 Drivers\STM32F0xx_HAL_Driver\Src\stm32f0xx_hal.o
 .debug_abbrev  0x000002d1      0x2fe Drivers\STM32F0xx_HAL_Driver\Src\stm32f0xx_hal_can.o
 .debug_abbrev  0x000005cf      0x30a Drivers\STM32F0xx_HAL_Driver\Src\stm32f0xx_hal_cortex.o
 .debug_abbrev  0x000008d9      0x277 Drivers\STM32F0xx_HAL_Driver\Src\stm32f0xx_hal_gpio.o
 .debug_abbrev  0x00000b50      0x2ea Drivers\STM32F0xx_HAL_Driver\Src\stm32f0xx_hal_rcc.o
 .debug_abbrev  0x00000e3a      0x3b2 Drivers\STM32F0xx_HAL_Driver\Src\stm32f0xx_hal_spi.o
 .debug_abbrev  0x000011ec      0x306 Src\main.o
 .debug_abbrev  0x000014f2      0x245 Src\stm32f0xx_hal_msp.o
 .debug_abbrev  0x00001737      0x212 Src\stm32f0xx_it.o
 .debug_abbrev  0x00001949      0x1ca Src\system_stm32f0xx.o
 .debug_abbrev  0x00001b13       0x12 startup\startup_stm32f042x6.o

.debug_loc      0x00000000     0x2e7f
 .debug_loc     0x00000000       0x7c Drivers\STM32F0xx_HAL_Driver\Src\stm32f0xx_hal.o
 .debug_loc     0x0000007c      0x7a3 Drivers\STM32F0xx_HAL_Driver\Src\stm32f0xx_hal_can.o
 .debug_loc     0x0000081f      0x3cc Drivers\STM32F0xx_HAL_Driver\Src\stm32f0xx_hal_cortex.o
 .debug_loc     0x00000beb      0x2e8 Drivers\STM32F0xx_HAL_Driver\Src\stm32f0xx_hal_gpio.o
 .debug_loc     0x00000ed3      0x4cb Drivers\STM32F0xx_HAL_Driver\Src\stm32f0xx_hal_rcc.o
 .debug_loc     0x0000139e     0x1916 Drivers\STM32F0xx_HAL_Driver\Src\stm32f0xx_hal_spi.o
 .debug_loc     0x00002cb4       0x4a Src\main.o
 .debug_loc     0x00002cfe       0x9a Src\stm32f0xx_hal_msp.o
 .debug_loc     0x00002d98       0xe7 Src\system_stm32f0xx.o

.debug_aranges  0x00000000      0x528
 .debug_aranges
                0x00000000       0xb0 Drivers\STM32F0xx_HAL_Driver\Src\stm32f0xx_hal.o
 .debug_aranges
                0x000000b0       0x88 Drivers\STM32F0xx_HAL_Driver\Src\stm32f0xx_hal_can.o
 .debug_aranges
                0x00000138       0x78 Drivers\STM32F0xx_HAL_Driver\Src\stm32f0xx_hal_cortex.o
 .debug_aranges
                0x000001b0       0x58 Drivers\STM32F0xx_HAL_Driver\Src\stm32f0xx_hal_gpio.o
 .debug_aranges
                0x00000208       0x80 Drivers\STM32F0xx_HAL_Driver\Src\stm32f0xx_hal_rcc.o
 .debug_aranges
                0x00000288      0x198 Drivers\STM32F0xx_HAL_Driver\Src\stm32f0xx_hal_spi.o
 .debug_aranges
                0x00000420       0x40 Src\main.o
 .debug_aranges
                0x00000460       0x40 Src\stm32f0xx_hal_msp.o
 .debug_aranges
                0x000004a0       0x38 Src\stm32f0xx_it.o
 .debug_aranges
                0x000004d8       0x28 Src\system_stm32f0xx.o
 .debug_aranges
                0x00000500       0x28 startup\startup_stm32f042x6.o

.debug_ranges   0x00000000      0x7e8
 .debug_ranges  0x00000000       0xa0 Drivers\STM32F0xx_HAL_Driver\Src\stm32f0xx_hal.o
 .debug_ranges  0x000000a0       0x90 Drivers\STM32F0xx_HAL_Driver\Src\stm32f0xx_hal_can.o
 .debug_ranges  0x00000130      0x120 Drivers\STM32F0xx_HAL_Driver\Src\stm32f0xx_hal_cortex.o
 .debug_ranges  0x00000250       0x70 Drivers\STM32F0xx_HAL_Driver\Src\stm32f0xx_hal_gpio.o
 .debug_ranges  0x000002c0       0xa0 Drivers\STM32F0xx_HAL_Driver\Src\stm32f0xx_hal_rcc.o
 .debug_ranges  0x00000360      0x278 Drivers\STM32F0xx_HAL_Driver\Src\stm32f0xx_hal_spi.o
 .debug_ranges  0x000005d8       0x98 Src\main.o
 .debug_ranges  0x00000670      0x118 Src\stm32f0xx_hal_msp.o
 .debug_ranges  0x00000788       0x28 Src\stm32f0xx_it.o
 .debug_ranges  0x000007b0       0x18 Src\system_stm32f0xx.o
 .debug_ranges  0x000007c8       0x20 startup\startup_stm32f042x6.o

.debug_line     0x00000000     0x35a9
 .debug_line    0x00000000      0x440 Drivers\STM32F0xx_HAL_Driver\Src\stm32f0xx_hal.o
 .debug_line    0x00000440      0x82b Drivers\STM32F0xx_HAL_Driver\Src\stm32f0xx_hal_can.o
 .debug_line    0x00000c6b      0x413 Drivers\STM32F0xx_HAL_Driver\Src\stm32f0xx_hal_cortex.o
 .debug_line    0x0000107e      0x412 Drivers\STM32F0xx_HAL_Driver\Src\stm32f0xx_hal_gpio.o
 .debug_line    0x00001490      0x64c Drivers\STM32F0xx_HAL_Driver\Src\stm32f0xx_hal_rcc.o
 .debug_line    0x00001adc      0xdd7 Drivers\STM32F0xx_HAL_Driver\Src\stm32f0xx_hal_spi.o
 .debug_line    0x000028b3      0x3e0 Src\main.o
 .debug_line    0x00002c93      0x36b Src\stm32f0xx_hal_msp.o
 .debug_line    0x00002ffe      0x2b0 Src\stm32f0xx_it.o
 .debug_line    0x000032ae      0x268 Src\system_stm32f0xx.o
 .debug_line    0x00003516       0x93 startup\startup_stm32f042x6.o

.debug_str      0x00000000     0x2005
 .debug_str     0x00000000      0x9e6 Drivers\STM32F0xx_HAL_Driver\Src\stm32f0xx_hal.o
                                0xa7d (size before relaxing)
 .debug_str     0x000009e6      0x543 Drivers\STM32F0xx_HAL_Driver\Src\stm32f0xx_hal_can.o
                                0xbee (size before relaxing)
 .debug_str     0x00000f29      0x1c6 Drivers\STM32F0xx_HAL_Driver\Src\stm32f0xx_hal_cortex.o
                                0xa85 (size before relaxing)
 .debug_str     0x000010ef      0x1cc Drivers\STM32F0xx_HAL_Driver\Src\stm32f0xx_hal_gpio.o
                                0x88c (size before relaxing)
 .debug_str     0x000012bb      0x2f2 Drivers\STM32F0xx_HAL_Driver\Src\stm32f0xx_hal_rcc.o
                                0xa77 (size before relaxing)
 .debug_str     0x000015ad      0x8cb Drivers\STM32F0xx_HAL_Driver\Src\stm32f0xx_hal_spi.o
                                0xfd9 (size before relaxing)
 .debug_str     0x00001e78       0xa6 Src\main.o
                               0x102e (size before relaxing)
 .debug_str     0x00001f1e       0x1b Src\stm32f0xx_hal_msp.o
                                0xfdb (size before relaxing)
 .debug_str     0x00001f39       0x72 Src\stm32f0xx_it.o
                                0x9a8 (size before relaxing)
 .debug_str     0x00001fab       0x5a Src\system_stm32f0xx.o
                                0x6b2 (size before relaxing)

.comment        0x00000000       0x7c
 .comment       0x00000000       0x7c Drivers\STM32F0xx_HAL_Driver\Src\stm32f0xx_hal.o
                                 0x7d (size before relaxing)
 .comment       0x0000007c       0x7d Drivers\STM32F0xx_HAL_Driver\Src\stm32f0xx_hal_can.o
 .comment       0x0000007c       0x7d Drivers\STM32F0xx_HAL_Driver\Src\stm32f0xx_hal_cortex.o
 .comment       0x0000007c       0x7d Drivers\STM32F0xx_HAL_Driver\Src\stm32f0xx_hal_gpio.o
 .comment       0x0000007c       0x7d Drivers\STM32F0xx_HAL_Driver\Src\stm32f0xx_hal_rcc.o
 .comment       0x0000007c       0x7d Drivers\STM32F0xx_HAL_Driver\Src\stm32f0xx_hal_spi.o
 .comment       0x0000007c       0x7d Src\main.o
 .comment       0x0000007c       0x7d Src\stm32f0xx_hal_msp.o
 .comment       0x0000007c       0x7d Src\stm32f0xx_it.o
 .comment       0x0000007c       0x7d Src\system_stm32f0xx.o

.debug_frame    0x00000000      0xe74
 .debug_frame   0x00000000      0x178 Drivers\STM32F0xx_HAL_Driver\Src\stm32f0xx_hal.o
 .debug_frame   0x00000178      0x1f0 Drivers\STM32F0xx_HAL_Driver\Src\stm32f0xx_hal_can.o
 .debug_frame   0x00000368       0xe4 Drivers\STM32F0xx_HAL_Driver\Src\stm32f0xx_hal_cortex.o
 .debug_frame   0x0000044c       0xc0 Drivers\STM32F0xx_HAL_Driver\Src\stm32f0xx_hal_gpio.o
 .debug_frame   0x0000050c      0x134 Drivers\STM32F0xx_HAL_Driver\Src\stm32f0xx_hal_rcc.o
 .debug_frame   0x00000640      0x5c8 Drivers\STM32F0xx_HAL_Driver\Src\stm32f0xx_hal_spi.o
 .debug_frame   0x00000c08       0x90 Src\main.o
 .debug_frame   0x00000c98       0x8c Src\stm32f0xx_hal_msp.o
 .debug_frame   0x00000d24       0x80 Src\stm32f0xx_it.o
 .debug_frame   0x00000da4       0x3c Src\system_stm32f0xx.o
 .debug_frame   0x00000de0       0x2c c:/program files (x86)/atollic/truestudio for stm32 9.2.0/armtools/bin/../lib/gcc/arm-atollic-eabi/6.3.1/../../../../arm-atollic-eabi/lib/armv6-m\libc_nano.a(lib_a-init.o)
 .debug_frame   0x00000e0c       0x28 c:/program files (x86)/atollic/truestudio for stm32 9.2.0/armtools/bin/../lib/gcc/arm-atollic-eabi/6.3.1/../../../../arm-atollic-eabi/lib/armv6-m\libc_nano.a(lib_a-memcpy-stub.o)
 .debug_frame   0x00000e34       0x20 c:/program files (x86)/atollic/truestudio for stm32 9.2.0/armtools/bin/../lib/gcc/arm-atollic-eabi/6.3.1/../../../../arm-atollic-eabi/lib/armv6-m\libc_nano.a(lib_a-memset.o)
 .debug_frame   0x00000e54       0x20 c:/program files (x86)/atollic/truestudio for stm32 9.2.0/armtools/bin/../lib/gcc/arm-atollic-eabi/6.3.1/armv6-m\libgcc.a(_udivsi3.o)
